Component: ARM Compiler 5.06 update 7 (build 960) Tool: armlink [4d3601]

==============================================================================

Section Cross References

    startup_stm32f407xx.o(RESET) refers to startup_stm32f407xx.o(STACK) for __initial_sp
    startup_stm32f407xx.o(RESET) refers to startup_stm32f407xx.o(.text) for Reset_Handler
    startup_stm32f407xx.o(RESET) refers to stm32f4xx_it.o(i.NMI_Handler) for NMI_Handler
    startup_stm32f407xx.o(RESET) refers to stm32f4xx_it.o(i.HardFault_Handler) for HardFault_Handler
    startup_stm32f407xx.o(RESET) refers to stm32f4xx_it.o(i.MemManage_Handler) for MemManage_Handler
    startup_stm32f407xx.o(RESET) refers to stm32f4xx_it.o(i.BusFault_Handler) for BusFault_Handler
    startup_stm32f407xx.o(RESET) refers to stm32f4xx_it.o(i.UsageFault_Handler) for UsageFault_Handler
    startup_stm32f407xx.o(RESET) refers to port.o(.emb_text) for SVC_Handler
    startup_stm32f407xx.o(RESET) refers to stm32f4xx_it.o(i.DebugMon_Handler) for DebugMon_Handler
    startup_stm32f407xx.o(RESET) refers to stm32f4xx_it.o(i.SysTick_Handler) for SysTick_Handler
    startup_stm32f407xx.o(RESET) refers to stm32f4xx_it.o(i.DMA1_Stream5_IRQHandler) for DMA1_Stream5_IRQHandler
    startup_stm32f407xx.o(RESET) refers to stm32f4xx_it.o(i.DMA1_Stream6_IRQHandler) for DMA1_Stream6_IRQHandler
    startup_stm32f407xx.o(RESET) refers to stm32f4xx_it.o(i.TIM1_BRK_TIM9_IRQHandler) for TIM1_BRK_TIM9_IRQHandler
    startup_stm32f407xx.o(RESET) refers to stm32f4xx_it.o(i.TIM2_IRQHandler) for TIM2_IRQHandler
    startup_stm32f407xx.o(RESET) refers to stm32f4xx_it.o(i.USART2_IRQHandler) for USART2_IRQHandler
    startup_stm32f407xx.o(RESET) refers to stm32f4xx_it.o(i.DMA1_Stream7_IRQHandler) for DMA1_Stream7_IRQHandler
    startup_stm32f407xx.o(RESET) refers to stm32f4xx_it.o(i.OTG_FS_IRQHandler) for OTG_FS_IRQHandler
    startup_stm32f407xx.o(.text) refers to system_stm32f4xx.o(i.SystemInit) for SystemInit
    startup_stm32f407xx.o(.text) refers to entry.o(.ARM.Collect$$$$00000000) for __main
    adafruit_drv2605.o(i.Adafruit_DRV2605_begin) refers to adafruit_drv2605.o(i.Adafruit_DRV2605_readRegister8) for Adafruit_DRV2605_readRegister8
    adafruit_drv2605.o(i.Adafruit_DRV2605_begin) refers to adafruit_drv2605.o(i.Adafruit_DRV2605_writeRegister8) for Adafruit_DRV2605_writeRegister8
    adafruit_drv2605.o(i.Adafruit_DRV2605_go) refers to adafruit_drv2605.o(i.Adafruit_DRV2605_writeRegister8) for Adafruit_DRV2605_writeRegister8
    adafruit_drv2605.o(i.Adafruit_DRV2605_readRegister8) refers to stm32f4xx_hal_i2c.o(i.HAL_I2C_Master_Transmit) for HAL_I2C_Master_Transmit
    adafruit_drv2605.o(i.Adafruit_DRV2605_readRegister8) refers to stm32f4xx_hal_i2c.o(i.HAL_I2C_Master_Receive) for HAL_I2C_Master_Receive
    adafruit_drv2605.o(i.Adafruit_DRV2605_readRegister8) refers to i2c.o(.bss) for hi2c3
    adafruit_drv2605.o(i.Adafruit_DRV2605_selectLibrary) refers to adafruit_drv2605.o(i.Adafruit_DRV2605_writeRegister8) for Adafruit_DRV2605_writeRegister8
    adafruit_drv2605.o(i.Adafruit_DRV2605_setMode) refers to adafruit_drv2605.o(i.Adafruit_DRV2605_writeRegister8) for Adafruit_DRV2605_writeRegister8
    adafruit_drv2605.o(i.Adafruit_DRV2605_setRealtimeValue) refers to adafruit_drv2605.o(i.Adafruit_DRV2605_writeRegister8) for Adafruit_DRV2605_writeRegister8
    adafruit_drv2605.o(i.Adafruit_DRV2605_setWaveform) refers to adafruit_drv2605.o(i.Adafruit_DRV2605_writeRegister8) for Adafruit_DRV2605_writeRegister8
    adafruit_drv2605.o(i.Adafruit_DRV2605_useERM) refers to adafruit_drv2605.o(i.Adafruit_DRV2605_readRegister8) for Adafruit_DRV2605_readRegister8
    adafruit_drv2605.o(i.Adafruit_DRV2605_useERM) refers to adafruit_drv2605.o(i.Adafruit_DRV2605_writeRegister8) for Adafruit_DRV2605_writeRegister8
    adafruit_drv2605.o(i.Adafruit_DRV2605_useLRA) refers to adafruit_drv2605.o(i.Adafruit_DRV2605_readRegister8) for Adafruit_DRV2605_readRegister8
    adafruit_drv2605.o(i.Adafruit_DRV2605_useLRA) refers to adafruit_drv2605.o(i.Adafruit_DRV2605_writeRegister8) for Adafruit_DRV2605_writeRegister8
    adafruit_drv2605.o(i.Adafruit_DRV2605_writeRegister8) refers to stm32f4xx_hal_i2c.o(i.HAL_I2C_Master_Transmit) for HAL_I2C_Master_Transmit
    adafruit_drv2605.o(i.Adafruit_DRV2605_writeRegister8) refers to i2c.o(.bss) for hi2c3
    my_cs43l22.o(i.CS43_Init) refers to stm32f4xx_hal_gpio.o(i.HAL_GPIO_WritePin) for HAL_GPIO_WritePin
    my_cs43l22.o(i.CS43_Init) refers to memcpya.o(.text) for __aeabi_memcpy4
    my_cs43l22.o(i.CS43_Init) refers to my_cs43l22.o(i.write_register) for write_register
    my_cs43l22.o(i.CS43_Init) refers to my_cs43l22.o(i.read_register) for read_register
    my_cs43l22.o(i.CS43_Init) refers to i2s.o(.bss) for hi2s3
    my_cs43l22.o(i.CS43_Init) refers to my_cs43l22.o(.bss) for i2cx
    my_cs43l22.o(i.CS43_Init) refers to my_cs43l22.o(.data) for iData
    my_cs43l22.o(i.CS43_SetVolume) refers to my_cs43l22.o(i.write_register) for write_register
[...]
    Removing usbh_msc.o(i.USBH_MSC_GetLUNInfo), (56 bytes).
    Removing usbh_msc.o(i.USBH_MSC_GetMaxLUN), (28 bytes).
    Removing usbh_msc.o(i.USBH_MSC_InterfaceDeInit), (88 bytes).
    Removing usbh_msc.o(i.USBH_MSC_InterfaceInit), (450 bytes).
    Removing usbh_msc.o(i.USBH_MSC_IsReady), (28 bytes).
    Removing usbh_msc.o(i.USBH_MSC_Process), (1218 bytes).
    Removing usbh_msc.o(i.USBH_MSC_RdWrProcess), (364 bytes).
    Removing usbh_msc.o(i.USBH_MSC_Read), (156 bytes).
    Removing usbh_msc.o(i.USBH_MSC_SOFProcess), (6 bytes).
    Removing usbh_msc.o(i.USBH_MSC_UnitIsReady), (44 bytes).
    Removing usbh_msc.o(i.USBH_MSC_Write), (156 bytes).
    Removing usbh_msc.o(.conststring), (4 bytes).
    Removing usbh_msc.o(.data), (32 bytes).
    Removing usbh_msc_bot.o(.rev16_text), (4 bytes).
    Removing usbh_msc_bot.o(.revsh_text), (4 bytes).
    Removing usbh_msc_bot.o(.rrx_text), (6 bytes).
    Removing usbh_msc_bot.o(i.USBH_MSC_BOT_Abort), (60 bytes).
    Removing usbh_msc_bot.o(i.USBH_MSC_BOT_Init), (40 bytes).
    Removing usbh_msc_bot.o(i.USBH_MSC_BOT_Process), (622 bytes).
    Removing usbh_msc_bot.o(i.USBH_MSC_BOT_REQ_GetMaxLUN), (36 bytes).
    Removing usbh_msc_bot.o(i.USBH_MSC_BOT_REQ_Reset), (32 bytes).
    Removing usbh_msc_bot.o(i.USBH_MSC_DecodeCSW), (88 bytes).
    Removing usbh_msc_scsi.o(.rev16_text), (4 bytes).
    Removing usbh_msc_scsi.o(.revsh_text), (4 bytes).
    Removing usbh_msc_scsi.o(.rrx_text), (6 bytes).
    Removing usbh_msc_scsi.o(i.USBH_MSC_SCSI_Inquiry), (256 bytes).
    Removing usbh_msc_scsi.o(i.USBH_MSC_SCSI_Read), (166 bytes).
    Removing usbh_msc_scsi.o(i.USBH_MSC_SCSI_ReadCapacity), (168 bytes).
    Removing usbh_msc_scsi.o(i.USBH_MSC_SCSI_RequestSense), (178 bytes).
    Removing usbh_msc_scsi.o(i.USBH_MSC_SCSI_TestUnitReady), (98 bytes).
    Removing usbh_msc_scsi.o(i.USBH_MSC_SCSI_Write), (166 bytes).
    Removing heap_4.o(i.prvHeapInit), (124 bytes).
    Removing heap_4.o(i.prvInsertBlockIntoFreeList), (104 bytes).
    Removing heap_4.o(i.pvPortMalloc), (316 bytes).
    Removing heap_4.o(i.vPortFree), (148 bytes).
    Removing heap_4.o(i.vPortInitialiseBlocks), (2 bytes).
    Removing heap_4.o(i.xPortGetFreeHeapSize), (12 bytes).
    Removing heap_4.o(i.xPortGetMinimumEverFreeHeapSize), (12 bytes).
    Removing heap_4.o(.bss), (112400 bytes).
    Removing heap_4.o(.data), (24 bytes).
    Removing list.o(i.vListInitialise), (26 bytes).
    Removing list.o(i.vListInitialiseItem), (6 bytes).
    Removing list.o(i.vListInsert), (52 bytes).
    Removing event_groups.o(i.prvTestWaitCondition), (30 bytes).
    Removing event_groups.o(i.uxEventGroupGetNumber), (14 bytes).
    Removing event_groups.o(i.vEventGroupClearBitsCallback), (16 bytes).
    Removing event_groups.o(i.vEventGroupDelete), (82 bytes).
    Removing event_groups.o(i.vEventGroupSetBitsCallback), (16 bytes).
    Removing event_groups.o(i.xEventGroupClearBits), (92 bytes).
    Removing event_groups.o(i.xEventGroupCreate), (26 bytes).
    Removing event_groups.o(i.xEventGroupGetBitsFromISR), (44 bytes).
    Removing event_groups.o(i.xEventGroupSetBits), (206 bytes).
    Removing event_groups.o(i.xEventGroupSync), (268 bytes).
    Removing event_groups.o(i.xEventGroupWaitBits), (340 bytes).
    Removing port.o(i.prvTaskExitError), (64 bytes).
    Removing port.o(i.pxPortInitialiseStack), (40 bytes).
    Removing port.o(i.vPortEndScheduler), (48 bytes).
    Removing port.o(i.vPortEnterCritical), (84 bytes).
    Removing port.o(i.vPortExitCritical), (60 bytes).
    Removing port.o(i.vPortSetupTimerInterrupt), (32 bytes).
    Removing port.o(i.xPortStartScheduler), (316 bytes).
    Removing port.o(i.xPortSysTickHandler), (52 bytes).
    Removing timers.o(i.pcTimerGetTimerName), (32 bytes).
    Removing timers.o(i.prvCheckForValidListAndQueue), (128 bytes).
    Removing timers.o(i.prvGetNextExpireTime), (40 bytes).
    Removing timers.o(i.prvInsertTimerInActiveList), (88 bytes).
    Removing timers.o(i.prvProcessExpiredTimer), (100 bytes).
    Removing timers.o(i.prvProcessReceivedCommands), (248 bytes).
    Removing timers.o(i.prvProcessTimerOrBlockTask), (116 bytes).
    Removing timers.o(i.prvSampleTimeNow), (44 bytes).
    Removing timers.o(i.prvSwitchTimerLists), (160 bytes).
    Removing timers.o(i.prvTimerTask), (26 bytes).
    Removing timers.o(i.pvTimerGetTimerID), (44 bytes).
    Removing timers.o(i.vTimerSetTimerID), (44 bytes).
    Removing timers.o(i.xTimerCreate), (94 bytes).
    Removing timers.o(i.xTimerCreateTimerTask), (88 bytes).
    Removing timers.o(i.xTimerGenericCommand), (132 bytes).
    Removing timers.o(i.xTimerIsTimerActive), (56 bytes).
    Removing timers.o(.bss), (40 bytes).
    Removing timers.o(.data), (16 bytes).
    Removing cmsis_os.o(.rev16_text), (4 bytes).
    Removing cmsis_os.o(.revsh_text), (4 bytes).
    Removing cmsis_os.o(.rrx_text), (6 bytes).
    Removing cmsis_os.o(i.inHandlerMode), (16 bytes).
    Removing cmsis_os.o(i.makeCmsisPriority), (18 bytes).
    Removing cmsis_os.o(i.makeFreeRtosPriority), (14 bytes).
    Removing cmsis_os.o(i.osDelay), (24 bytes).
    Removing cmsis_os.o(i.osDelayUntil), (6 bytes).
    Removing cmsis_os.o(i.osKernelRunning), (18 bytes).
    Removing cmsis_os.o(i.osKernelStart), (10 bytes).
    Removing cmsis_os.o(i.osKernelSysTick), (20 bytes).
    Removing cmsis_os.o(i.osMailAlloc), (24 bytes).
    Removing cmsis_os.o(i.osMailCAlloc), (40 bytes).
    Removing cmsis_os.o(i.osMailCreate), (122 bytes).
    Removing cmsis_os.o(i.osMailFree), (22 bytes).
    Removing cmsis_os.o(i.osMailGet), (152 bytes).
    Removing cmsis_os.o(i.osMailPut), (96 bytes).
    Removing cmsis_os.o(i.osMessageCreate), (18 bytes).
    Removing cmsis_os.o(i.osMessageGet), (156 bytes).
    Removing cmsis_os.o(i.osMessagePeek), (88 bytes).
    Removing cmsis_os.o(i.osMessagePut), (96 bytes).
    Removing cmsis_os.o(i.osMutexCreate), (12 bytes).
    Removing cmsis_os.o(i.osMutexDelete), (24 bytes).
    Removing cmsis_os.o(i.osMutexRelease), (80 bytes).
    Removing cmsis_os.o(i.osMutexWait), (108 bytes).
    Removing cmsis_os.o(i.osPoolAlloc), (122 bytes).
    Removing cmsis_os.o(i.osPoolCAlloc), (22 bytes).
    Removing cmsis_os.o(i.osPoolCreate), (112 bytes).
    Removing cmsis_os.o(i.osPoolFree), (74 bytes).
    Removing cmsis_os.o(i.osRecursiveMutexCreate), (6 bytes).
    Removing cmsis_os.o(i.osRecursiveMutexRelease), (6 bytes).
    Removing cmsis_os.o(i.osRecursiveMutexWait), (6 bytes).
    Removing cmsis_os.o(i.osSemaphoreCreate), (50 bytes).
    Removing cmsis_os.o(i.osSemaphoreDelete), (24 bytes).
    Removing cmsis_os.o(i.osSemaphoreRelease), (80 bytes).
    Removing cmsis_os.o(i.osSemaphoreWait), (108 bytes).
    Removing cmsis_os.o(i.osSignalSet), (92 bytes).
    Removing cmsis_os.o(i.osSignalWait), (98 bytes).
    Removing cmsis_os.o(i.osSystickHandler), (16 bytes).
    Removing cmsis_os.o(i.osThreadCreate), (58 bytes).
    Removing cmsis_os.o(i.osThreadGetId), (8 bytes).
    Removing cmsis_os.o(i.osThreadGetPriority), (38 bytes).
    Removing cmsis_os.o(i.osThreadList), (6 bytes).
    Removing cmsis_os.o(i.osThreadResume), (52 bytes).
    Removing cmsis_os.o(i.osThreadResumeAll), (18 bytes).
    Removing cmsis_os.o(i.osThreadSetPriority), (26 bytes).
    Removing cmsis_os.o(i.osThreadSuspend), (14 bytes).
    Removing cmsis_os.o(i.osThreadSuspendAll), (10 bytes).
    Removing cmsis_os.o(i.osThreadTerminate), (14 bytes).
    Removing cmsis_os.o(i.osThreadYield), (24 bytes).
    Removing cmsis_os.o(i.osTimerCreate), (40 bytes).
    Removing cmsis_os.o(i.osTimerDelete), (44 bytes).
    Removing cmsis_os.o(i.osTimerStart), (104 bytes).
    Removing cmsis_os.o(i.osTimerStop), (92 bytes).
    Removing tasks.o(i.prvAddCurrentTaskToDelayedList), (84 bytes).
    Removing tasks.o(i.prvAllocateTCBAndStack), (66 bytes).
    Removing tasks.o(i.prvCheckTasksWaitingTermination), (100 bytes).
    Removing tasks.o(i.prvDeleteTCB), (18 bytes).
    Removing tasks.o(i.prvIdleTask), (40 bytes).
    Removing tasks.o(i.prvInitialiseTCBVariables), (98 bytes).
    Removing tasks.o(i.prvInitialiseTaskLists), (104 bytes).
    Removing tasks.o(i.prvListTaskWithinSingleList), (176 bytes).
    Removing tasks.o(i.prvResetNextTaskUnblockTime), (52 bytes).
    Removing tasks.o(i.prvTaskCheckFreeStackSpace), (22 bytes).
    Removing tasks.o(i.prvTaskIsTaskSuspended), (88 bytes).
    Removing tasks.o(i.pvTaskIncrementMutexHeldCount), (32 bytes).
    Removing tasks.o(i.ulTaskNotifyTake), (196 bytes).
    Removing tasks.o(i.uxTaskGetNumberOfTasks), (12 bytes).
    Removing tasks.o(i.uxTaskGetSystemState), (156 bytes).
    Removing tasks.o(i.uxTaskGetTaskNumber), (14 bytes).
    Removing tasks.o(i.uxTaskPriorityGet), (36 bytes).
    Removing tasks.o(i.uxTaskPriorityGetFromISR), (68 bytes).
    Removing tasks.o(i.uxTaskResetEventItemValue), (28 bytes).
    Removing tasks.o(i.vTaskDelay), (140 bytes).
    Removing tasks.o(i.vTaskDelete), (224 bytes).
    Removing tasks.o(i.vTaskEndScheduler), (36 bytes).
    Removing tasks.o(i.vTaskMissedYield), (12 bytes).
    Removing tasks.o(i.vTaskNotifyGiveFromISR), (228 bytes).
    Removing tasks.o(i.vTaskPlaceOnEventList), (124 bytes).
    Removing tasks.o(i.vTaskPlaceOnEventListRestricted), (132 bytes).
    Removing tasks.o(i.vTaskPlaceOnUnorderedEventList), (180 bytes).
    Removing tasks.o(i.vTaskPriorityInherit), (176 bytes).
    Removing tasks.o(i.vTaskPrioritySet), (276 bytes).
    Removing tasks.o(i.vTaskResume), (148 bytes).
    Removing tasks.o(i.vTaskSetTaskNumber), (8 bytes).
    Removing tasks.o(i.vTaskSetTimeOutState), (48 bytes).
    Removing tasks.o(i.vTaskStartScheduler), (136 bytes).
    Removing tasks.o(i.vTaskSuspend), (232 bytes).
    Removing tasks.o(i.vTaskSuspendAll), (16 bytes).
    Removing tasks.o(i.xTaskCheckForTimeOut), (140 bytes).
    Removing tasks.o(i.xTaskGenericCreate), (368 bytes).
    Removing tasks.o(i.xTaskGenericNotify), (260 bytes).
    Removing tasks.o(i.xTaskGenericNotifyFromISR), (312 bytes).
    Removing tasks.o(i.xTaskGetCurrentTaskHandle), (12 bytes).
    Removing tasks.o(i.xTaskGetSchedulerState), (32 bytes).
    Removing tasks.o(i.xTaskGetTickCount), (12 bytes).
    Removing tasks.o(i.xTaskGetTickCountFromISR), (20 bytes).
    Removing tasks.o(i.xTaskIncrementTick), (332 bytes).
    Removing tasks.o(i.xTaskNotifyStateClear), (56 bytes).
    Removing tasks.o(i.xTaskNotifyWait), (228 bytes).
    Removing tasks.o(i.xTaskRemoveFromUnorderedEventList), (176 bytes).
    Removing tasks.o(i.xTaskResumeAll), (260 bytes).
    Removing tasks.o(i.xTaskResumeFromISR), (180 bytes).
    Removing queue.o(i.prvCopyDataFromQueue), (42 bytes).
    Removing queue.o(i.prvIsQueueEmpty), (26 bytes).
    Removing queue.o(i.prvIsQueueFull), (30 bytes).
    Removing queue.o(i.prvUnlockQueue), (126 bytes).
    Removing queue.o(i.ucQueueGetQueueType), (8 bytes).
    Removing queue.o(i.uxQueueGetQueueNumber), (6 bytes).
    Removing queue.o(i.uxQueueMessagesWaiting), (42 bytes).
    Removing queue.o(i.uxQueueMessagesWaitingFromISR), (30 bytes).
    Removing queue.o(i.uxQueueSpacesAvailable), (48 bytes).
    Removing queue.o(i.vQueueAddToRegistry), (44 bytes).
    Removing queue.o(i.vQueueDelete), (44 bytes).
    Removing queue.o(i.vQueueSetQueueNumber), (4 bytes).
    Removing queue.o(i.vQueueUnregisterQueue), (44 bytes).
    Removing queue.o(i.vQueueWaitForMessageRestricted), (66 bytes).
    Removing queue.o(i.xQueueCreateCountingSemaphore), (116 bytes).
    Removing queue.o(i.xQueueCreateMutex), (76 bytes).
    Removing queue.o(i.xQueueGenericCreate), (134 bytes).
    Removing queue.o(i.xQueueGenericReceive), (428 bytes).
    Removing queue.o(i.xQueueGenericReset), (148 bytes).
    Removing queue.o(i.xQueueGenericSend), (416 bytes).
    Removing queue.o(i.xQueueGiveFromISR), (214 bytes).
    Removing queue.o(i.xQueueIsQueueEmptyFromISR), (38 bytes).
    Removing queue.o(i.xQueueIsQueueFullFromISR), (42 bytes).
    Removing queue.o(i.xQueuePeekFromISR), (176 bytes).
    Removing queue.o(i.xQueueReceiveFromISR), (188 bytes).
    Removing queue.o(.bss), (64 bytes).
    Removing extcomm.o(.rev16_text), (4 bytes).
    Removing extcomm.o(.revsh_text), (4 bytes).
    Removing extcomm.o(.rrx_text), (6 bytes).
    Removing extcomm.o(i.ExtComm_GetExternalMsg), (8 bytes).
    Removing extcomm.o(i.ExtComm_Init), (124 bytes).
    Removing extcomm.o(i.ExtComm_ReceiveExternal_Task), (136 bytes).
    Removing extcomm.o(i.ExtComm_USART2_Init), (72 bytes).

1101 unused section(s) (total 226338 bytes) removed from the image.

==============================================================================

Image Symbol Table

    Local Symbols

    Symbol Name                              Value     Ov Type        Size  Object(Section)

    ../Drivers/STM32F4xx_HAL_Driver/Src/stm32f4xx_hal.c 0x00000000   Number         0  stm32f4xx_hal.o ABSOLUTE
    ../Drivers/STM32F4xx_HAL_Driver/Src/stm32f4xx_hal_cortex.c 0x00000000   Number         0  stm32f4xx_hal_cortex.o ABSOLUTE
    ../Drivers/STM32F4xx_HAL_Driver/Src/stm32f4xx_hal_dac.c 0x00000000   Number         0  stm32f4xx_hal_dac.o ABSOLUTE
    ../Drivers/STM32F4xx_HAL_Driver/Src/stm32f4xx_hal_dac_ex.c 0x00000000   Number         0  stm32f4xx_hal_dac_ex.o ABSOLUTE
    ../Drivers/STM32F4xx_HAL_Driver/Src/stm32f4xx_hal_dma.c 0x00000000   Number         0  stm32f4xx_hal_dma.o ABSOLUTE
    ../Drivers/STM32F4xx_HAL_Driver/Src/stm32f4xx_hal_dma_ex.c 0x00000000   Number         0  stm32f4xx_hal_dma_ex.o ABSOLUTE
    ../Drivers/STM32F4xx_HAL_Driver/Src/stm32f4xx_hal_exti.c 0x00000000   Number         0  stm32f4xx_hal_exti.o ABSOLUTE
    ../Drivers/STM32F4xx_HAL_Driver/Src/stm32f4xx_hal_flash.c 0x00000000   Number         0  stm32f4xx_hal_flash.o ABSOLUTE
    ../Drivers/STM32F4xx_HAL_Driver/Src/stm32f4xx_hal_flash_ex.c 0x00000000   Number         0  stm32f4xx_hal_flash_ex.o ABSOLUTE
    ../Drivers/STM32F4xx_HAL_Driver/Src/stm32f4xx_hal_flash_ramfunc.c 0x00000000   Number         0  stm32f4xx_hal_flash_ramfunc.o ABSOLUTE
    ../Drivers/STM32F4xx_HAL_Driver/Src/stm32f4xx_hal_gpio.c 0x00000000   Number         0  stm32f4xx_hal_gpio.o ABSOLUTE
    ../Drivers/STM32F4xx_HAL_Driver/Src/stm32f4xx_hal_hcd.c 0x00000000   Number         0  stm32f4xx_hal_hcd.o ABSOLUTE
    ../Drivers/STM32F4xx_HAL_Driver/Src/stm32f4xx_hal_i2c.c 0x00000000   Number         0  stm32f4xx_hal_i2c.o ABSOLUTE
    ../Drivers/STM32F4xx_HAL_Driver/Src/stm32f4xx_hal_i2c_ex.c 0x00000000   Number         0  stm32f4xx_hal_i2c_ex.o ABSOLUTE
    ../Drivers/STM32F4xx_HAL_Driver/Src/stm32f4xx_hal_pwr.c 0x00000000   Number         0  stm32f4xx_hal_pwr.o ABSOLUTE
    ../Drivers/STM32F4xx_HAL_Driver/Src/stm32f4xx_hal_pwr_ex.c 0x00000000   Number         0  stm32f4xx_hal_pwr_ex.o ABSOLUTE
    ../Drivers/STM32F4xx_HAL_Driver/Src/stm32f4xx_hal_rcc.c 0x00000000   Number         0  stm32f4xx_hal_rcc.o ABSOLUTE
    ../Drivers/STM32F4xx_HAL_Driver/Src/stm32f4xx_hal_rcc_ex.c 0x00000000   Number         0  stm32f4xx_hal_rcc_ex.o ABSOLUTE
    ../Drivers/STM32F4xx_HAL_Driver/Src/stm32f4xx_hal_tim.c 0x00000000   Number         0  stm32f4xx_hal_tim.o ABSOLUTE
    ../Drivers/STM32F4xx_HAL_Driver/Src/stm32f4xx_hal_tim_ex.c 0x00000000   Number         0  stm32f4xx_hal_tim_ex.o ABSOLUTE
    ../Drivers/STM32F4xx_HAL_Driver/Src/stm32f4xx_hal_uart.c 0x00000000   Number         0  stm32f4xx_hal_uart.o ABSOLUTE
    ../Drivers/STM32F4xx_HAL_Driver/Src/stm32f4xx_ll_usb.c 0x00000000   Number         0  stm32f4xx_ll_usb.o ABSOLUTE
    ../Middlewares/ST/STM32_USB_Host_Library/Class/MSC/Src/usbh_msc.c 0x00000000   Number         0  usbh_msc.o ABSOLUTE
    ../Middlewares/ST/STM32_USB_Host_Library/Class/MSC/Src/usbh_msc_bot.c 0x00000000   Number         0  usbh_msc_bot.o ABSOLUTE
    ../Middlewares/ST/STM32_USB_Host_Library/Class/MSC/Src/usbh_msc_scsi.c 0x00000000   Number         0  usbh_msc_scsi.o ABSOLUTE
    ../Middlewares/ST/STM32_USB_Host_Library/Core/Src/usbh_core.c 0x00000000   Number         0  usbh_core.o ABSOLUTE
    ../Middlewares/ST/STM32_USB_Host_Library/Core/Src/usbh_ctlreq.c 0x00000000   Number         0  usbh_ctlreq.o ABSOLUTE
    ../Middlewares/ST/STM32_USB_Host_Library/Core/Src/usbh_ioreq.c 0x00000000   Number         0  usbh_ioreq.o ABSOLUTE
    ../Middlewares/ST/STM32_USB_Host_Library/Core/Src/usbh_pipes.c 0x00000000   Number         0  usbh_pipes.o ABSOLUTE
    ../Middlewares/Third_Party/FatFs/src/diskio.c 0x00000000   Number         0  diskio.o ABSOLUTE
    ../Middlewares/Third_Party/FatFs/src/ff.c 0x00000000   Number         0  ff.o ABSOLUTE
    ../Middlewares/Third_Party/FatFs/src/ff_gen_drv.c 0x00000000   Number         0  ff_gen_drv.o ABSOLUTE
    ../Middlewares/Third_Party/FatFs/src/option/syscall.c 0x00000000   Number         0  syscall.o ABSOLUTE
    ../Src/dac.c                             0x00000000   Number         0  dac.o ABSOLUTE
    ../Src/dma.c                             0x00000000   Number         0  dma.o ABSOLUTE
    ../Src/fatfs.c                           0x00000000   Number         0  fatfs.o ABSOLUTE
    ../Src/gpio.c                            0x00000000   Number         0  gpio.o ABSOLUTE
    ../Src/i2c.c                             0x00000000   Number         0  i2c.o ABSOLUTE
    ../Src/main.c                            0x00000000   Number         0  main.o ABSOLUTE
    ../Src/stm32f4xx_hal_msp.c               0x00000000   Number         0  stm32f4xx_hal_msp.o ABSOLUTE
    ../Src/stm32f4xx_it.c                    0x00000000   Number         0  stm32f4xx_it.o ABSOLUTE
    ../Src/system_stm32f4xx.c                0x00000000   Number         0  system_stm32f4xx.o ABSOLUTE
    ../Src/tim.c                             0x00000000   Number         0  tim.o ABSOLUTE
    ../Src/usart.c                           0x00000000   Number         0  usart.o ABSOLUTE
    ../Src/usb_host.c                        0x00000000   Number         0  usb_host.o ABSOLUTE
    ../Src/usbh_conf.c                       0x00000000   Number         0  usbh_conf.o ABSOLUTE
    ../Src/usbh_diskio.c                     0x00000000   Number         0  usbh_diskio.o ABSOLUTE
    ../clib/microlib/division.c              0x00000000   Number         0  uldiv.o ABSOLUTE
    ../clib/microlib/init/entry.s            0x00000000   Number         0  entry8b.o ABSOLUTE
    ../clib/microlib/init/entry.s            0x00000000   Number         0  entry9a.o ABSOLUTE
    ../clib/microlib/init/entry.s            0x00000000   Number         0  entry11a.o ABSOLUTE
    ../clib/microlib/init/entry.s            0x00000000   Number         0  entry7b.o ABSOLUTE
    ../clib/microlib/init/entry.s            0x00000000   Number         0  entry7a.o ABSOLUTE
    ../clib/microlib/init/entry.s            0x00000000   Number         0  entry8a.o ABSOLUTE
    ../clib/microlib/init/entry.s            0x00000000   Number         0  entry2.o ABSOLUTE
    ../clib/microlib/init/entry.s            0x00000000   Number         0  entry12b.o ABSOLUTE
    ../clib/microlib/init/entry.s            0x00000000   Number         0  entry12a.o ABSOLUTE
    ../clib/microlib/init/entry.s            0x00000000   Number         0  entry.o ABSOLUTE
    ../clib/microlib/init/entry.s            0x00000000   Number         0  entry11b.o ABSOLUTE
    ../clib/microlib/init/entry.s            0x00000000   Number         0  entry10b.o ABSOLUTE
    ../clib/microlib/init/entry.s            0x00000000   Number         0  entry5.o ABSOLUTE
    ../clib/microlib/init/entry.s            0x00000000   Number         0  entry10a.o ABSOLUTE
    ../clib/microlib/init/entry.s            0x00000000   Number         0  entry9b.o ABSOLUTE
    ../clib/microlib/longlong.c              0x00000000   Number         0  llushr.o ABSOLUTE
    ../clib/microlib/longlong.c              0x00000000   Number         0  llshl.o ABSOLUTE
    ../clib/microlib/malloc/malloc.c         0x00000000   Number         0  mallocra.o ABSOLUTE
    ../clib/microlib/malloc/malloc.c         0x00000000   Number         0  malloc.o ABSOLUTE
    ../clib/microlib/malloc/malloc.c         0x00000000   Number         0  mallocr.o ABSOLUTE
    ../clib/microlib/malloc/malloc.c         0x00000000   Number         0  malloca.o ABSOLUTE
    ../clib/microlib/malloc/mvars.c          0x00000000   Number         0  mvars.o ABSOLUTE
    ../clib/microlib/string/memcpy.c         0x00000000   Number         0  memcpyb.o ABSOLUTE
    ../clib/microlib/string/memcpy.c         0x00000000   Number         0  memcpya.o ABSOLUTE
    ../clib/microlib/string/memset.c         0x00000000   Number         0  memseta.o ABSOLUTE
    ..\Drivers\STM32F4xx_HAL_Driver\Src\stm32f4xx_hal.c 0x00000000   Number         0  stm32f4xx_hal.o ABSOLUTE
    ..\Drivers\STM32F4xx_HAL_Driver\Src\stm32f4xx_hal_cortex.c 0x00000000   Number         0  stm32f4xx_hal_cortex.o ABSOLUTE
    ..\Drivers\STM32F4xx_HAL_Driver\Src\stm32f4xx_hal_dac.c 0x00000000   Number         0  stm32f4xx_hal_dac.o ABSOLUTE
    ..\Drivers\STM32F4xx_HAL_Driver\Src\stm32f4xx_hal_dac_ex.c 0x00000000   Number         0  stm32f4xx_hal_dac_ex.o ABSOLUTE
    ..\Drivers\STM32F4xx_HAL_Driver\Src\stm32f4xx_hal_dma.c 0x00000000   Number         0  stm32f4xx_hal_dma.o ABSOLUTE
    ..\Drivers\STM32F4xx_HAL_Driver\Src\stm32f4xx_hal_dma_ex.c 0x00000000   Number         0  stm32f4xx_hal_dma_ex.o ABSOLUTE
    ..\Drivers\STM32F4xx_HAL_Driver\Src\stm32f4xx_hal_exti.c 0x00000000   Number         0  stm32f4xx_hal_exti.o ABSOLUTE
    ..\Drivers\STM32F4xx_HAL_Driver\Src\stm32f4xx_hal_flash.c 0x00000000   Number         0  stm32f4xx_hal_flash.o ABSOLUTE
    ..\Drivers\STM32F4xx_HAL_Driver\Src\stm32f4xx_hal_flash_ex.c 0x00000000   Number         0  stm32f4xx_hal_flash_ex.o ABSOLUTE
    ..\Drivers\STM32F4xx_HAL_Driver\Src\stm32f4xx_hal_flash_ramfunc.c 0x00000000   Number         0  stm32f4xx_hal_flash_ramfunc.o ABSOLUTE
    ..\Drivers\STM32F4xx_HAL_Driver\Src\stm32f4xx_hal_gpio.c 0x00000000   Number         0  stm32f4xx_hal_gpio.o ABSOLUTE
    ..\Drivers\STM32F4xx_HAL_Driver\Src\stm32f4xx_hal_hcd.c 0x00000000   Number         0  stm32f4xx_hal_hcd.o ABSOLUTE
    ..\Drivers\STM32F4xx_HAL_Driver\Src\stm32f4xx_hal_i2c.c 0x00000000   Number         0  stm32f4xx_hal_i2c.o ABSOLUTE
    ..\Drivers\STM32F4xx_HAL_Driver\Src\stm32f4xx_hal_i2c_ex.c 0x00000000   Number         0  stm32f4xx_hal_i2c_ex.o ABSOLUTE
    ..\Drivers\STM32F4xx_HAL_Driver\Src\stm32f4xx_hal_i2s.c 0x00000000   Number         0  stm32f4xx_hal_i2s.o ABSOLUTE
    ..\Drivers\STM32F4xx_HAL_Driver\Src\stm32f4xx_hal_i2s_ex.c 0x00000000   Number         0  stm32f4xx_hal_i2s_ex.o ABSOLUTE
    ..\Drivers\STM32F4xx_HAL_Driver\Src\stm32f4xx_hal_pwr.c 0x00000000   Number         0  stm32f4xx_hal_pwr.o ABSOLUTE
    ..\Drivers\STM32F4xx_HAL_Driver\Src\stm32f4xx_hal_pwr_ex.c 0x00000000   Number         0  stm32f4xx_hal_pwr_ex.o ABSOLUTE
    ..\Drivers\STM32F4xx_HAL_Driver\Src\stm32f4xx_hal_rcc.c 0x00000000   Number         0  stm32f4xx_hal_rcc.o ABSOLUTE
    ..\Drivers\STM32F4xx_HAL_Driver\Src\stm32f4xx_hal_rcc_ex.c 0x00000000   Number         0  stm32f4xx_hal_rcc_ex.o ABSOLUTE
    ..\Drivers\STM32F4xx_HAL_Driver\Src\stm32f4xx_hal_tim.c 0x00000000   Number         0  stm32f4xx_hal_tim.o ABSOLUTE
    ..\Drivers\STM32F4xx_HAL_Driver\Src\stm32f4xx_hal_tim_ex.c 0x00000000   Number         0  stm32f4xx_hal_tim_ex.o ABSOLUTE
    ..\Drivers\STM32F4xx_HAL_Driver\Src\stm32f4xx_hal_uart.c 0x00000000   Number         0  stm32f4xx_hal_uart.o ABSOLUTE
    ..\Drivers\STM32F4xx_HAL_Driver\Src\stm32f4xx_ll_usb.c 0x00000000   Number         0  stm32f4xx_ll_usb.o ABSOLUTE
    ..\Middlewares\ST\STM32_USB_Host_Library\Class\MSC\Src\usbh_msc.c 0x00000000   Number         0  usbh_msc.o ABSOLUTE
    ..\Middlewares\ST\STM32_USB_Host_Library\Class\MSC\Src\usbh_msc_bot.c 0x00000000   Number         0  usbh_msc_bot.o ABSOLUTE
    ..\Middlewares\ST\STM32_USB_Host_Library\Class\MSC\Src\usbh_msc_scsi.c 0x00000000   Number         0  usbh_msc_scsi.o ABSOLUTE
    ..\Middlewares\ST\STM32_USB_Host_Library\Core\Src\usbh_core.c 0x00000000   Number         0  usbh_core.o ABSOLUTE
    ..\Middlewares\ST\STM32_USB_Host_Library\Core\Src\usbh_ctlreq.c 0x00000000   Number         0  usbh_ctlreq.o ABSOLUTE
    ..\Middlewares\ST\STM32_USB_Host_Library\Core\Src\usbh_ioreq.c 0x00000000   Number         0  usbh_ioreq.o ABSOLUTE
    ..\Middlewares\ST\STM32_USB_Host_Library\Core\Src\usbh_pipes.c 0x00000000   Number         0  usbh_pipes.o ABSOLUTE
    ..\Middlewares\Third_Party\FatFs\src\diskio.c 0x00000000   Number         0  diskio.o ABSOLUTE
    ..\Middlewares\Third_Party\FatFs\src\ff.c 0x00000000   Number         0  ff.o ABSOLUTE
    ..\Middlewares\Third_Party\FatFs\src\ff_gen_drv.c 0x00000000   Number         0  ff_gen_drv.o ABSOLUTE
    ..\Middlewares\Third_Party\FatFs\src\option\syscall.c 0x00000000   Number         0  syscall.o ABSOLUTE
    ..\Middlewares\Third_Party\FreeRTOS\Source\CMSIS_RTOS\cmsis_os.c 0x00000000   Number         0  cmsis_os.o ABSOLUTE
    ..\Middlewares\Third_Party\FreeRTOS\Source\croutine.c 0x00000000   Number         0  croutine.o ABSOLUTE
    ..\Middlewares\Third_Party\FreeRTOS\Source\event_groups.c 0x00000000   Number         0  event_groups.o ABSOLUTE
    ..\Middlewares\Third_Party\FreeRTOS\Source\list.c 0x00000000   Number         0  list.o ABSOLUTE
    ..\Middlewares\Third_Party\FreeRTOS\Source\portable\MemMang\heap_4.c 0x00000000   Number         0  heap_4.o ABSOLUTE
    ..\Middlewares\Third_Party\FreeRTOS\Source\portable\RVDS\ARM_CM4F\port.c 0x00000000   Number         0  port.o ABSOLUTE
    ..\Middlewares\Third_Party\FreeRTOS\Source\queue.c 0x00000000   Number         0  queue.o ABSOLUTE
    ..\Middlewares\Third_Party\FreeRTOS\Source\tasks.c 0x00000000   Number         0  tasks.o ABSOLUTE
    ..\Middlewares\Third_Party\FreeRTOS\Source\timers.c 0x00000000   Number         0  timers.o ABSOLUTE
    ..\Modules\ExtCommSystem\ExtComm.c       0x00000000   Number         0  extcomm.o ABSOLUTE
    ..\Src\Adafruit_DRV2605.c                0x00000000   Number         0  adafruit_drv2605.o ABSOLUTE
    ..\Src\MY_CS43L22.c                      0x00000000   Number         0  my_cs43l22.o ABSOLUTE
    ..\Src\dac.c                             0x00000000   Number         0  dac.o ABSOLUTE
    ..\Src\dma.c                             0x00000000   Number         0  dma.o ABSOLUTE
    ..\Src\fatfs.c                           0x00000000   Number         0  fatfs.o ABSOLUTE
    ..\Src\freertos.c                        0x00000000   Number         0  freertos.o ABSOLUTE
    ..\Src\gpio.c                            0x00000000   Number         0  gpio.o ABSOLUTE
    ..\Src\i2c.c                             0x00000000   Number         0  i2c.o ABSOLUTE
    ..\Src\i2s.c                             0x00000000   Number         0  i2s.o ABSOLUTE
    ..\Src\main.c                            0x00000000   Number         0  main.o ABSOLUTE
    ..\Src\stm32f4xx_hal_msp.c               0x00000000   Number         0  stm32f4xx_hal_msp.o ABSOLUTE
    ..\Src\stm32f4xx_it.c                    0x00000000   Number         0  stm32f4xx_it.o ABSOLUTE
    ..\Src\system_stm32f4xx.c                0x00000000   Number         0  system_stm32f4xx.o ABSOLUTE
    ..\Src\tim.c                             0x00000000   Number         0  tim.o ABSOLUTE
    ..\Src\usb_host.c                        0x00000000   Number         0  usb_host.o ABSOLUTE
    ..\Src\usbh_conf.c                       0x00000000   Number         0  usbh_conf.o ABSOLUTE
    ..\Src\usbh_diskio.c                     0x00000000   Number         0  usbh_diskio.o ABSOLUTE
    ..\\Drivers\\STM32F4xx_HAL_Driver\\Src\\stm32f4xx_hal_i2s.c 0x00000000   Number         0  stm32f4xx_hal_i2s.o ABSOLUTE
    ..\\Drivers\\STM32F4xx_HAL_Driver\\Src\\stm32f4xx_hal_i2s_ex.c 0x00000000   Number         0  stm32f4xx_hal_i2s_ex.o ABSOLUTE
    ..\\Middlewares\\Third_Party\\FreeRTOS\\Source\\CMSIS_RTOS\\cmsis_os.c 0x00000000   Number         0  cmsis_os.o ABSOLUTE
    ..\\Middlewares\\Third_Party\\FreeRTOS\\Source\\portable\\RVDS\\ARM_CM4F\\port.c 0x00000000   Number         0  port.o ABSOLUTE
    ..\\Modules\\ExtCommSystem\\ExtComm.c    0x00000000   Number         0  extcomm.o ABSOLUTE
    ..\\Src\\Adafruit_DRV2605.c              0x00000000   Number         0  adafruit_drv2605.o ABSOLUTE
    ..\\Src\\MY_CS43L22.c                    0x00000000   Number         0  my_cs43l22.o ABSOLUTE
    ..\\Src\\i2s.c                           0x00000000   Number         0  i2s.o ABSOLUTE
    dc.s                                     0x00000000   Number         0  dc.o ABSOLUTE
    handlers.s                               0x00000000   Number         0  handlers.o ABSOLUTE
    init.s                                   0x00000000   Number         0  init.o ABSOLUTE
    startup_stm32f407xx.s                    0x00000000   Number         0  startup_stm32f407xx.o ABSOLUTE
    RESET                                    0x08000000   Section      392  startup_stm32f407xx.o(RESET)
    .ARM.Collect$$$$00000000                 0x08000188   Section        0  entry.o(.ARM.Collect$$$$00000000)
    .ARM.Collect$$$$00000001                 0x08000188   Section        4  entry2.o(.ARM.Collect$$$$00000001)
    .ARM.Collect$$$$00000004                 0x0800018c   Section        4  entry5.o(.ARM.Collect$$$$00000004)
    .ARM.Collect$$$$00000008                 0x08000190   Section        0  entry7b.o(.ARM.Collect$$$$00000008)
    .ARM.Collect$$$$0000000A                 0x08000190   Section        0  entry8b.o(.ARM.Collect$$$$0000000A)
    .ARM.Collect$$$$0000000B                 0x08000190   Section        8  entry9a.o(.ARM.Collect$$$$0000000B)
    .ARM.Collect$$$$0000000E                 0x08000198   Section        4  entry12b.o(.ARM.Collect$$$$0000000E)
    .ARM.Collect$$$$0000000F                 0x0800019c   Section        0  entry10a.o(.ARM.Collect$$$$0000000F)
    .ARM.Collect$$$$00000011                 0x0800019c   Section        0  entry11a.o(.ARM.Collect$$$$00000011)
    .ARM.Collect$$$$00002712                 0x0800019c   Section        4  entry2.o(.ARM.Collect$$$$00002712)
    __lit__00000000                          0x0800019c   Data           4  entry2.o(.ARM.Collect$$$$00002712)
    .emb_text                                0x080001a0   Section      186  port.o(.emb_text)
    $v0                                      0x080001a0   Number         0  port.o(.emb_text)
    .text                                    0x0800025c   Section       36  startup_stm32f407xx.o(.text)
    $v0                                      0x0800025c   Number         0  startup_stm32f407xx.o(.text)
    .text                                    0x08000280   Section        0  uldiv.o(.text)
    .text                                    0x080002e2   Section        0  memcpya.o(.text)
    .text                                    0x08000306   Section        0  memseta.o(.text)
    .text                                    0x0800032a   Section        0  llshl.o(.text)
    .text                                    0x08000348   Section        0  llushr.o(.text)
    .text                                    0x08000368   Section       36  init.o(.text)
    i.BusFault_Handler                       0x0800038c   Section        0  stm32f4xx_it.o(i.BusFault_Handler)
    i.DMA1_Stream5_IRQHandler                0x08000390   Section        0  stm32f4xx_it.o(i.DMA1_Stream5_IRQHandler)
    i.DMA1_Stream6_IRQHandler                0x080003a0   Section        0  stm32f4xx_it.o(i.DMA1_Stream6_IRQHandler)
    i.DMA1_Stream7_IRQHandler                0x080003a4   Section        0  stm32f4xx_it.o(i.DMA1_Stream7_IRQHandler)
    i.DebugMon_Handler                       0x080003b4   Section        0  stm32f4xx_it.o(i.DebugMon_Handler)
    i.Error_Handler                          0x080003b6   Section        0  main.o(i.Error_Handler)
    i.ExtComm_UART2_RxCpltCallback           0x080003b8   Section        0  extcomm.o(i.ExtComm_UART2_RxCpltCallback)
    i.HAL_DMA_Abort_IT                       0x08000430   Section        0  stm32f4xx_hal_dma.o(i.HAL_DMA_Abort_IT)
    i.HAL_DMA_IRQHandler                     0x08000458   Section        0  stm32f4xx_hal_dma.o(i.HAL_DMA_IRQHandler)
    i.HAL_Delay                              0x08000698   Section        0  stm32f4xx_hal.o(i.HAL_Delay)
    i.HAL_GPIO_Init                          0x080006c0   Section        0  stm32f4xx_hal_gpio.o(i.HAL_GPIO_Init)
    i.HAL_GPIO_WritePin                      0x080008c0   Section        0  stm32f4xx_hal_gpio.o(i.HAL_GPIO_WritePin)
    i.HAL_GetTick                            0x080008cc   Section        0  stm32f4xx_hal.o(i.HAL_GetTick)
    i.HAL_HCD_Connect_Callback               0x080008d8   Section        0  usbh_conf.o(i.HAL_HCD_Connect_Callback)
    i.HAL_HCD_Disconnect_Callback            0x080008e6   Section        0  usbh_conf.o(i.HAL_HCD_Disconnect_Callback)
    i.HAL_HCD_HC_NotifyURBChange_Callback    0x080008f4   Section        0  usbh_conf.o(i.HAL_HCD_HC_NotifyURBChange_Callback)
    i.HAL_HCD_IRQHandler                     0x080008f6   Section        0  stm32f4xx_hal_hcd.o(i.HAL_HCD_IRQHandler)
    i.HAL_HCD_PortDisabled_Callback          0x08000a62   Section        0  usbh_conf.o(i.HAL_HCD_PortDisabled_Callback)
    i.HAL_HCD_PortEnabled_Callback           0x08000a70   Section        0  usbh_conf.o(i.HAL_HCD_PortEnabled_Callback)
    i.HAL_HCD_SOF_Callback                   0x08000a7e   Section        0  usbh_conf.o(i.HAL_HCD_SOF_Callback)
    i.HAL_HCD_Start                          0x08000a8c   Section        0  stm32f4xx_hal_hcd.o(i.HAL_HCD_Start)
    i.HAL_HCD_Stop                           0x08000ac2   Section        0  stm32f4xx_hal_hcd.o(i.HAL_HCD_Stop)
    i.HAL_IncTick                            0x08000af0   Section        0  stm32f4xx_hal.o(i.HAL_IncTick)
    i.HAL_Init                               0x08000b08   Section        0  stm32f4xx_hal.o(i.HAL_Init)
    i.HAL_InitTick                           0x08000b44   Section        0  stm32f4xx_hal.o(i.HAL_InitTick)
    i.HAL_MspInit                            0x08000b90   Section        0  stm32f4xx_hal_msp.o(i.HAL_MspInit)
    i.HAL_NVIC_SetPriority                   0x08000bd8   Section        0  stm32f4xx_hal_cortex.o(i.HAL_NVIC_SetPriority)
    i.HAL_NVIC_SetPriorityGrouping           0x08000c54   Section        0  stm32f4xx_hal_cortex.o(i.HAL_NVIC_SetPriorityGrouping)
    i.HAL_RCCEx_PeriphCLKConfig              0x08000c7c   Section        0  stm32f4xx_hal_rcc_ex.o(i.HAL_RCCEx_PeriphCLKConfig)
    i.HAL_RCC_ClockConfig                    0x08000e1c   Section        0  stm32f4xx_hal_rcc.o(i.HAL_RCC_ClockConfig)
    i.HAL_RCC_GetSysClockFreq                0x08000f9c   Section        0  stm32f4xx_hal_rcc.o(i.HAL_RCC_GetSysClockFreq)
    i.HAL_RCC_OscConfig                      0x0800104c   Section        0  stm32f4xx_hal_rcc.o(i.HAL_RCC_OscConfig)
    i.HAL_SYSTICK_Config                     0x08001494   Section        0  stm32f4xx_hal_cortex.o(i.HAL_SYSTICK_Config)
    i.HAL_TIMEx_BreakCallback                0x080014c8   Section        0  stm32f4xx_hal_tim_ex.o(i.HAL_TIMEx_BreakCallback)
    i.HAL_TIMEx_CommutCallback               0x080014ca   Section        0  stm32f4xx_hal_tim_ex.o(i.HAL_TIMEx_CommutCallback)
    i.HAL_TIM_IC_CaptureCallback             0x080014cc   Section        0  stm32f4xx_hal_tim.o(i.HAL_TIM_IC_CaptureCallback)
    i.HAL_TIM_IRQHandler                     0x080014ce   Section        0  stm32f4xx_hal_tim.o(i.HAL_TIM_IRQHandler)
    i.HAL_TIM_OC_DelayElapsedCallback        0x08001664   Section        0  stm32f4xx_hal_tim.o(i.HAL_TIM_OC_DelayElapsedCallback)
    i.HAL_TIM_PWM_PulseFinishedCallback      0x08001666   Section        0  stm32f4xx_hal_tim.o(i.HAL_TIM_PWM_PulseFinishedCallback)
    i.HAL_TIM_PeriodElapsedCallback          0x08001668   Section        0  stm32f4xx_hal_tim.o(i.HAL_TIM_PeriodElapsedCallback)
    i.HAL_TIM_TriggerCallback                0x0800166a   Section        0  stm32f4xx_hal_tim.o(i.HAL_TIM_TriggerCallback)
    i.HAL_UART_ErrorCallback                 0x0800166c   Section        0  stm32f4xx_hal_uart.o(i.HAL_UART_ErrorCallback)
    i.HAL_UART_IRQHandler                    0x08001670   Section        0  stm32f4xx_hal_uart.o(i.HAL_UART_IRQHandler)
    i.HAL_UART_RxCpltCallback                0x080017bc   Section        0  stm32f4xx_hal_uart.o(i.HAL_UART_RxCpltCallback)
    i.HAL_UART_TxCpltCallback                0x080017be   Section        0  stm32f4xx_hal_uart.o(i.HAL_UART_TxCpltCallback)
    i.HCD_HC_IN_IRQHandler                   0x080017c0   Section        0  stm32f4xx_hal_hcd.o(i.HCD_HC_IN_IRQHandler)
    HCD_HC_IN_IRQHandler                     0x080017c1   Thumb Code  1392  stm32f4xx_hal_hcd.o(i.HCD_HC_IN_IRQHandler)
    i.HCD_HC_OUT_IRQHandler                  0x08001d30   Section        0  stm32f4xx_hal_hcd.o(i.HCD_HC_OUT_IRQHandler)
    HCD_HC_OUT_IRQHandler                    0x08001d31   Thumb Code  1354  stm32f4xx_hal_hcd.o(i.HCD_HC_OUT_IRQHandler)
    i.HCD_Port_IRQHandler                    0x0800227a   Section        0  stm32f4xx_hal_hcd.o(i.HCD_Port_IRQHandler)
    HCD_Port_IRQHandler                      0x0800227b   Thumb Code   224  stm32f4xx_hal_hcd.o(i.HCD_Port_IRQHandler)
    i.HCD_RXQLVL_IRQHandler                  0x0800235c   Section        0  stm32f4xx_hal_hcd.o(i.HCD_RXQLVL_IRQHandler)
    HCD_RXQLVL_IRQHandler                    0x0800235d   Thumb Code   258  stm32f4xx_hal_hcd.o(i.HCD_RXQLVL_IRQHandler)
    i.HardFault_Handler                      0x08002464   Section        0  stm32f4xx_it.o(i.HardFault_Handler)
    i.MX_GPIO_Init                           0x08002468   Section        0  gpio.o(i.MX_GPIO_Init)
    i.MemManage_Handler                      0x080025f4   Section        0  stm32f4xx_it.o(i.MemManage_Handler)
    i.NMI_Handler                            0x080025f8   Section        0  stm32f4xx_it.o(i.NMI_Handler)
    i.OTG_FS_IRQHandler                      0x080025fc   Section        0  stm32f4xx_it.o(i.OTG_FS_IRQHandler)
    i.SysTick_Handler                        0x0800260c   Section        0  stm32f4xx_it.o(i.SysTick_Handler)
    i.SystemClock_Config                     0x08002614   Section        0  main.o(i.SystemClock_Config)
    i.SystemInit                             0x080026e4   Section        0  system_stm32f4xx.o(i.SystemInit)
    i.TIM1_BRK_TIM9_IRQHandler               0x08002748   Section        0  stm32f4xx_it.o(i.TIM1_BRK_TIM9_IRQHandler)
    i.TIM2_IRQHandler                        0x08002758   Section        0  stm32f4xx_it.o(i.TIM2_IRQHandler)
    i.UART_DMAAbortOnError                   0x0800275a   Section        0  stm32f4xx_hal_uart.o(i.UART_DMAAbortOnError)
    UART_DMAAbortOnError                     0x0800275b   Thumb Code    20  stm32f4xx_hal_uart.o(i.UART_DMAAbortOnError)
    i.UART_EndRxTransfer                     0x0800276e   Section        0  stm32f4xx_hal_uart.o(i.UART_EndRxTransfer)
    UART_EndRxTransfer                       0x0800276f   Thumb Code    32  stm32f4xx_hal_uart.o(i.UART_EndRxTransfer)
    i.UART_EndTransmit_IT                    0x0800278e   Section        0  stm32f4xx_hal_uart.o(i.UART_EndTransmit_IT)
    UART_EndTransmit_IT                      0x0800278f   Thumb Code    32  stm32f4xx_hal_uart.o(i.UART_EndTransmit_IT)
    i.UART_Receive_IT                        0x080027ae   Section        0  stm32f4xx_hal_uart.o(i.UART_Receive_IT)
    UART_Receive_IT                          0x080027af   Thumb Code   166  stm32f4xx_hal_uart.o(i.UART_Receive_IT)
    i.UART_Transmit_IT                       0x08002854   Section        0  stm32f4xx_hal_uart.o(i.UART_Transmit_IT)
    UART_Transmit_IT                         0x08002855   Thumb Code   104  stm32f4xx_hal_uart.o(i.UART_Transmit_IT)
    i.USART2_IRQHandler                      0x080028bc   Section        0  stm32f4xx_it.o(i.USART2_IRQHandler)
    i.USBH_FreePipe                          0x080028d0   Section        0  usbh_pipes.o(i.USBH_FreePipe)
    i.USBH_Get_USB_Status                    0x080028ee   Section        0  usbh_conf.o(i.USBH_Get_USB_Status)
    i.USBH_HandleSof                         0x0800291a   Section        0  usbh_core.o(i.USBH_HandleSof)
    USBH_HandleSof                           0x0800291b   Thumb Code    28  usbh_core.o(i.USBH_HandleSof)
    i.USBH_LL_Connect                        0x08002936   Section        0  usbh_core.o(i.USBH_LL_Connect)
    i.USBH_LL_Disconnect                     0x08002966   Section        0  usbh_core.o(i.USBH_LL_Disconnect)
    i.USBH_LL_IncTimer                       0x080029a8   Section        0  usbh_core.o(i.USBH_LL_IncTimer)
    i.USBH_LL_PortDisabled                   0x080029be   Section        0  usbh_core.o(i.USBH_LL_PortDisabled)
    i.USBH_LL_PortEnabled                    0x080029c6   Section        0  usbh_core.o(i.USBH_LL_PortEnabled)
    i.USBH_LL_Start                          0x080029ce   Section        0  usbh_conf.o(i.USBH_LL_Start)
    i.USBH_LL_Stop                           0x080029ec   Section        0  usbh_conf.o(i.USBH_LL_Stop)
    i.USB_DisableGlobalInt                   0x08002a0a   Section        0  stm32f4xx_ll_usb.o(i.USB_DisableGlobalInt)
    i.USB_DriveVbus                          0x08002a18   Section        0  stm32f4xx_ll_usb.o(i.USB_DriveVbus)
    i.USB_EnableGlobalInt                    0x08002a62   Section        0  stm32f4xx_ll_usb.o(i.USB_EnableGlobalInt)
    i.USB_FlushRxFifo                        0x08002a70   Section        0  stm32f4xx_ll_usb.o(i.USB_FlushRxFifo)
    i.USB_FlushTxFifo                        0x08002a9c   Section        0  stm32f4xx_ll_usb.o(i.USB_FlushTxFifo)
    i.USB_GetMode                            0x08002acc   Section        0  stm32f4xx_ll_usb.o(i.USB_GetMode)
    i.USB_HC_Halt                            0x08002ad6   Section        0  stm32f4xx_ll_usb.o(i.USB_HC_Halt)
    i.USB_HC_ReadInterrupt                   0x08002c4c   Section        0  stm32f4xx_ll_usb.o(i.USB_HC_ReadInterrupt)
    i.USB_InitFSLSPClkSel                    0x08002c5a   Section        0  stm32f4xx_ll_usb.o(i.USB_InitFSLSPClkSel)
    i.USB_ReadInterrupts                     0x08002c9e   Section        0  stm32f4xx_ll_usb.o(i.USB_ReadInterrupts)
    i.USB_ReadPacket                         0x08002ca8   Section        0  stm32f4xx_ll_usb.o(i.USB_ReadPacket)
    i.USB_StopHost                           0x08002cca   Section        0  stm32f4xx_ll_usb.o(i.USB_StopHost)
    i.UsageFault_Handler                     0x08002d7e   Section        0  stm32f4xx_it.o(i.UsageFault_Handler)
    i.__NVIC_GetPriorityGrouping             0x08002d84   Section        0  stm32f4xx_hal_cortex.o(i.__NVIC_GetPriorityGrouping)
    __NVIC_GetPriorityGrouping               0x08002d85   Thumb Code    10  stm32f4xx_hal_cortex.o(i.__NVIC_GetPriorityGrouping)
    i.__NVIC_SetPriority                     0x08002d94   Section        0  stm32f4xx_hal_cortex.o(i.__NVIC_SetPriority)
    __NVIC_SetPriority                       0x08002d95   Thumb Code    32  stm32f4xx_hal_cortex.o(i.__NVIC_SetPriority)
    i.__scatterload_copy                     0x08002dbc   Section       14  handlers.o(i.__scatterload_copy)
    i.__scatterload_null                     0x08002dca   Section        2  handlers.o(i.__scatterload_null)
    i.__scatterload_zeroinit                 0x08002dcc   Section       14  handlers.o(i.__scatterload_zeroinit)
    i.main                                   0x08002ddc   Section        0  main.o(i.main)
    i.prvCopyDataToQueue                     0x08002e30   Section        0  queue.o(i.prvCopyDataToQueue)
    prvCopyDataToQueue                       0x08002e31   Thumb Code   128  queue.o(i.prvCopyDataToQueue)
    i.uxListRemove                           0x08002eb0   Section        0  list.o(i.uxListRemove)
    i.vListInsertEnd                         0x08002ed8   Section        0  list.o(i.vListInsertEnd)
    i.vPortValidateInterruptPriority         0x08002ef0   Section        0  port.o(i.vPortValidateInterruptPriority)
    i.vTaskSwitchContext                     0x08002f68   Section        0  tasks.o(i.vTaskSwitchContext)
    i.xQueueGenericSendFromISR               0x08002ff4   Section        0  queue.o(i.xQueueGenericSendFromISR)
    i.xTaskPriorityDisinherit                0x080030e4   Section        0  tasks.o(i.xTaskPriorityDisinherit)
    i.xTaskRemoveFromEventList               0x080031ac   Section        0  tasks.o(i.xTaskRemoveFromEventList)
    .constdata                               0x08003244   Section       24  system_stm32f4xx.o(.constdata)
    .data                                    0x20000000   Section        8  main.o(.data)
    .data                                    0x20000008   Section        9  stm32f4xx_hal.o(.data)
    .data                                    0x20000014   Section        4  system_stm32f4xx.o(.data)
    .data                                    0x20000018   Section       12  port.o(.data)
    uxCriticalNesting                        0x20000018   Data           4  port.o(.data)
    ucMaxSysCallPriority                     0x2000001c   Data           1  port.o(.data)
    ulMaxPRIGROUPValue                       0x20000020   Data           4  port.o(.data)
    .data                                    0x20000024   Section       56  tasks.o(.data)
    pxDelayedTaskList                        0x20000028   Data           4  tasks.o(.data)
    pxOverflowDelayedTaskList                0x2000002c   Data           4  tasks.o(.data)
    uxTasksDeleted                           0x20000030   Data           4  tasks.o(.data)
    uxCurrentNumberOfTasks                   0x20000034   Data           4  tasks.o(.data)
    xTickCount                               0x20000038   Data           4  tasks.o(.data)
    uxTopReadyPriority                       0x2000003c   Data           4  tasks.o(.data)
    xSchedulerRunning                        0x20000040   Data           4  tasks.o(.data)
    uxPendedTicks                            0x20000044   Data           4  tasks.o(.data)
    xYieldPending                            0x20000048   Data           4  tasks.o(.data)
    xNumOfOverflows                          0x2000004c   Data           4  tasks.o(.data)
    uxTaskNumber                             0x20000050   Data           4  tasks.o(.data)
    xNextTaskUnblockTime                     0x20000054   Data           4  tasks.o(.data)
    uxSchedulerSuspended                     0x20000058   Data           4  tasks.o(.data)
    .data                                    0x2000005c   Section       46  extcomm.o(.data)
    state                                    0x20000088   Data           1  extcomm.o(.data)
    index                                    0x20000089   Data           1  extcomm.o(.data)
    .bss                                     0x2000008c   Section      116  dac.o(.bss)
    .bss                                     0x20000100   Section      168  i2s.o(.bss)
    .bss                                     0x200001a8   Section      192  tim.o(.bss)
    .bss                                     0x20000268   Section      708  usbh_conf.o(.bss)
    .bss                                     0x2000052c   Section      340  tasks.o(.bss)
    pxReadyTasksLists                        0x2000052c   Data         240  tasks.o(.bss)
    xDelayedTaskList1                        0x2000061c   Data          20  tasks.o(.bss)
    xDelayedTaskList2                        0x20000630   Data          20  tasks.o(.bss)
    xPendingReadyList                        0x20000644   Data          20  tasks.o(.bss)
    xTasksWaitingTermination                 0x20000658   Data          20  tasks.o(.bss)
    xSuspendedTaskList                       0x2000066c   Data          20  tasks.o(.bss)
    .bss                                     0x20000680   Section       64  extcomm.o(.bss)
    STACK                                    0x200006c0   Section     1024  startup_stm32f407xx.o(STACK)

    Global Symbols

    Symbol Name                              Value     Ov Type        Size  Object(Section)

    BuildAttributes$$THM_ISAv4$E$P$D$K$B$S$7EM$VFPi3$EXTD16$VFPS$VFMA$PE$A:L22UL41UL21$X:L11$S22US41US21$IEEE1$IW$USESV6$~STKCKD$USESV7$~SHL$OSPACE$EBA8$MICROLIB$REQ8$PRES8$EABIv2 0x00000000   Number         0  anon$$obj.o ABSOLUTE
    __ARM_use_no_argv                        0x00000000   Number         0  main.o ABSOLUTE
    __arm_fini_                               - Undefined Weak Reference
    __cpp_initialize__aeabi_                  - Undefined Weak Reference
    __cxa_finalize                            - Undefined Weak Reference
    __decompress                              - Undefined Weak Reference
    _clock_init                               - Undefined Weak Reference
    _microlib_exit                            - Undefined Weak Reference
    __Vectors_Size                           0x00000188   Number         0  startup_stm32f407xx.o ABSOLUTE
    __Vectors                                0x08000000   Data           4  startup_stm32f407xx.o(RESET)
    __Vectors_End                            0x08000188   Data           0  startup_stm32f407xx.o(RESET)
    __main                                   0x08000189   Thumb Code     0  entry.o(.ARM.Collect$$$$00000000)
    _main_stk                                0x08000189   Thumb Code     0  entry2.o(.ARM.Collect$$$$00000001)
    _main_scatterload                        0x0800018d   Thumb Code     0  entry5.o(.ARM.Collect$$$$00000004)
    __main_after_scatterload                 0x08000191   Thumb Code     0  entry5.o(.ARM.Collect$$$$00000004)
    _main_clock                              0x08000191   Thumb Code     0  entry7b.o(.ARM.Collect$$$$00000008)
    _main_cpp_init                           0x08000191   Thumb Code     0  entry8b.o(.ARM.Collect$$$$0000000A)
    _main_init                               0x08000191   Thumb Code     0  entry9a.o(.ARM.Collect$$$$0000000B)
    __rt_lib_shutdown_fini                   0x08000199   Thumb Code     0  entry12b.o(.ARM.Collect$$$$0000000E)
    __rt_final_cpp                           0x0800019d   Thumb Code     0  entry10a.o(.ARM.Collect$$$$0000000F)
    __rt_final_exit                          0x0800019d   Thumb Code     0  entry11a.o(.ARM.Collect$$$$00000011)
    SVC_Handler                              0x080001a1   Thumb Code    28  port.o(.emb_text)
    __asm___6_port_c_39a90d8d__prvStartFirstTask 0x080001c1   Thumb Code    28  port.o(.emb_text)
    __asm___6_port_c_39a90d8d__prvEnableVFP  0x080001e1   Thumb Code    16  port.o(.emb_text)
    PendSV_Handler                           0x080001f5   Thumb Code    92  port.o(.emb_text)
    vPortGetIPSR                             0x08000255   Thumb Code     6  port.o(.emb_text)
    Reset_Handler                            0x0800025d   Thumb Code     8  startup_stm32f407xx.o(.text)
    ADC_IRQHandler                           0x08000277   Thumb Code     0  startup_stm32f407xx.o(.text)
    CAN1_RX0_IRQHandler                      0x08000277   Thumb Code     0  startup_stm32f407xx.o(.text)
    CAN1_RX1_IRQHandler                      0x08000277   Thumb Code     0  startup_stm32f407xx.o(.text)
    CAN1_SCE_IRQHandler                      0x08000277   Thumb Code     0  startup_stm32f407xx.o(.text)
    CAN1_TX_IRQHandler                       0x08000277   Thumb Code     0  startup_stm32f407xx.o(.text)
    CAN2_RX0_IRQHandler                      0x08000277   Thumb Code     0  startup_stm32f407xx.o(.text)
    CAN2_RX1_IRQHandler                      0x08000277   Thumb Code     0  startup_stm32f407xx.o(.text)
    CAN2_SCE_IRQHandler                      0x08000277   Thumb Code     0  startup_stm32f407xx.o(.text)
    CAN2_TX_IRQHandler                       0x08000277   Thumb Code     0  startup_stm32f407xx.o(.text)
    DCMI_IRQHandler                          0x08000277   Thumb Code     0  startup_stm32f407xx.o(.text)
    DMA1_Stream0_IRQHandler                  0x08000277   Thumb Code     0  startup_stm32f407xx.o(.text)
    DMA1_Stream1_IRQHandler                  0x08000277   Thumb Code     0  startup_stm32f407xx.o(.text)
    DMA1_Stream2_IRQHandler                  0x08000277   Thumb Code     0  startup_stm32f407xx.o(.text)
    DMA1_Stream3_IRQHandler                  0x08000277   Thumb Code     0  startup_stm32f407xx.o(.text)
    DMA1_Stream4_IRQHandler                  0x08000277   Thumb Code     0  startup_stm32f407xx.o(.text)
    DMA2_Stream0_IRQHandler                  0x08000277   Thumb Code     0  startup_stm32f407xx.o(.text)
    DMA2_Stream1_IRQHandler                  0x08000277   Thumb Code     0  startup_stm32f407xx.o(.text)
    DMA2_Stream2_IRQHandler                  0x08000277   Thumb Code     0  startup_stm32f407xx.o(.text)
    DMA2_Stream3_IRQHandler                  0x08000277   Thumb Code     0  startup_stm32f407xx.o(.text)
    DMA2_Stream4_IRQHandler                  0x08000277   Thumb Code     0  startup_stm32f407xx.o(.text)
    DMA2_Stream5_IRQHandler                  0x08000277   Thumb Code     0  startup_stm32f407xx.o(.text)
    DMA2_Stream6_IRQHandler                  0x08000277   Thumb Code     0  startup_stm32f407xx.o(.text)
    DMA2_Stream7_IRQHandler                  0x08000277   Thumb Code     0  startup_stm32f407xx.o(.text)
    ETH_IRQHandler                           0x08000277   Thumb Code     0  startup_stm32f407xx.o(.text)
    ETH_WKUP_IRQHandler                      0x08000277   Thumb Code     0  startup_stm32f407xx.o(.text)
    EXTI0_IRQHandler                         0x08000277   Thumb Code     0  startup_stm32f407xx.o(.text)
    EXTI15_10_IRQHandler                     0x08000277   Thumb Code     0  startup_stm32f407xx.o(.text)
    EXTI1_IRQHandler                         0x08000277   Thumb Code     0  startup_stm32f407xx.o(.text)
    EXTI2_IRQHandler                         0x08000277   Thumb Code     0  startup_stm32f407xx.o(.text)
    EXTI3_IRQHandler                         0x08000277   Thumb Code     0  startup_stm32f407xx.o(.text)
    EXTI4_IRQHandler                         0x08000277   Thumb Code     0  startup_stm32f407xx.o(.text)
    EXTI9_5_IRQHandler                       0x08000277   Thumb Code     0  startup_stm32f407xx.o(.text)
    FLASH_IRQHandler                         0x08000277   Thumb Code     0  startup_stm32f407xx.o(.text)
    FMC_IRQHandler                           0x08000277   Thumb Code     0  startup_stm32f407xx.o(.text)
    FPU_IRQHandler                           0x08000277   Thumb Code     0  startup_stm32f407xx.o(.text)
    HASH_RNG_IRQHandler                      0x08000277   Thumb Code     0  startup_stm32f407xx.o(.text)
    I2C1_ER_IRQHandler                       0x08000277   Thumb Code     0  startup_stm32f407xx.o(.text)
    I2C1_EV_IRQHandler                       0x08000277   Thumb Code     0  startup_stm32f407xx.o(.text)
    I2C2_ER_IRQHandler                       0x08000277   Thumb Code     0  startup_stm32f407xx.o(.text)
    I2C2_EV_IRQHandler                       0x08000277   Thumb Code     0  startup_stm32f407xx.o(.text)
    I2C3_ER_IRQHandler                       0x08000277   Thumb Code     0  startup_stm32f407xx.o(.text)
    I2C3_EV_IRQHandler                       0x08000277   Thumb Code     0  startup_stm32f407xx.o(.text)
    OTG_FS_WKUP_IRQHandler                   0x08000277   Thumb Code     0  startup_stm32f407xx.o(.text)
    OTG_HS_EP1_IN_IRQHandler                 0x08000277   Thumb Code     0  startup_stm32f407xx.o(.text)
    OTG_HS_EP1_OUT_IRQHandler                0x08000277   Thumb Code     0  startup_stm32f407xx.o(.text)
    OTG_HS_IRQHandler                        0x08000277   Thumb Code     0  startup_stm32f407xx.o(.text)
    OTG_HS_WKUP_IRQHandler                   0x08000277   Thumb Code     0  startup_stm32f407xx.o(.text)
    PVD_IRQHandler                           0x08000277   Thumb Code     0  startup_stm32f407xx.o(.text)
    RCC_IRQHandler                           0x08000277   Thumb Code     0  startup_stm32f407xx.o(.text)
    RTC_Alarm_IRQHandler                     0x08000277   Thumb Code     0  startup_stm32f407xx.o(.text)
    RTC_WKUP_IRQHandler                      0x08000277   Thumb Code     0  startup_stm32f407xx.o(.text)
    SDIO_IRQHandler                          0x08000277   Thumb Code     0  startup_stm32f407xx.o(.text)
    SPI1_IRQHandler                          0x08000277   Thumb Code     0  startup_stm32f407xx.o(.text)
    SPI2_IRQHandler                          0x08000277   Thumb Code     0  startup_stm32f407xx.o(.text)
    SPI3_IRQHandler                          0x08000277   Thumb Code     0  startup_stm32f407xx.o(.text)
    TAMP_STAMP_IRQHandler                    0x08000277   Thumb Code     0  startup_stm32f407xx.o(.text)
    TIM1_CC_IRQHandler                       0x08000277   Thumb Code     0  startup_stm32f407xx.o(.text)
    TIM1_TRG_COM_TIM11_IRQHandler            0x08000277   Thumb Code     0  startup_stm32f407xx.o(.text)
    TIM1_UP_TIM10_IRQHandler                 0x08000277   Thumb Code     0  startup_stm32f407xx.o(.text)
    TIM3_IRQHandler                          0x08000277   Thumb Code     0  startup_stm32f407xx.o(.text)
    TIM4_IRQHandler                          0x08000277   Thumb Code     0  startup_stm32f407xx.o(.text)
    TIM5_IRQHandler                          0x08000277   Thumb Code     0  startup_stm32f407xx.o(.text)
    TIM6_DAC_IRQHandler                      0x08000277   Thumb Code     0  startup_stm32f407xx.o(.text)
    TIM7_IRQHandler                          0x08000277   Thumb Code     0  startup_stm32f407xx.o(.text)
    TIM8_BRK_TIM12_IRQHandler                0x08000277   Thumb Code     0  startup_stm32f407xx.o(.text)
    TIM8_CC_IRQHandler                       0x08000277   Thumb Code     0  startup_stm32f407xx.o(.text)
    TIM8_TRG_COM_TIM14_IRQHandler            0x08000277   Thumb Code     0  startup_stm32f407xx.o(.text)
    TIM8_UP_TIM13_IRQHandler                 0x08000277   Thumb Code     0  startup_stm32f407xx.o(.text)
    UART4_IRQHandler                         0x08000277   Thumb Code     0  startup_stm32f407xx.o(.text)
    UART5_IRQHandler                         0x08000277   Thumb Code     0  startup_stm32f407xx.o(.text)
    USART1_IRQHandler                        0x08000277   Thumb Code     0  startup_stm32f407xx.o(.text)
    USART3_IRQHandler                        0x08000277   Thumb Code     0  startup_stm32f407xx.o(.text)
    USART6_IRQHandler                        0x08000277   Thumb Code     0  startup_stm32f407xx.o(.text)
    WWDG_IRQHandler                          0x08000277   Thumb Code     0  startup_stm32f407xx.o(.text)
    __aeabi_uldivmod                         0x08000281   Thumb Code    98  uldiv.o(.text)
    __aeabi_memcpy                           0x080002e3   Thumb Code    36  memcpya.o(.text)
    __aeabi_memcpy4                          0x080002e3   Thumb Code     0  memcpya.o(.text)
    __aeabi_memcpy8                          0x080002e3   Thumb Code     0  memcpya.o(.text)
    __aeabi_memset                           0x08000307   Thumb Code    14  memseta.o(.text)
    __aeabi_memset4                          0x08000307   Thumb Code     0  memseta.o(.text)
    __aeabi_memset8                          0x08000307   Thumb Code     0  memseta.o(.text)
    __aeabi_memclr                           0x08000315   Thumb Code     4  memseta.o(.text)
    __aeabi_memclr4                          0x08000315   Thumb Code     0  memseta.o(.text)
    __aeabi_memclr8                          0x08000315   Thumb Code     0  memseta.o(.text)
    _memset$wrapper                          0x08000319   Thumb Code    18  memseta.o(.text)
    __aeabi_llsl                             0x0800032b   Thumb Code    30  llshl.o(.text)
    _ll_shift_l                              0x0800032b   Thumb Code     0  llshl.o(.text)
    __aeabi_llsr                             0x08000349   Thumb Code    32  llushr.o(.text)
    _ll_ushift_r                             0x08000349   Thumb Code     0  llushr.o(.text)
    __scatterload                            0x08000369   Thumb Code    28  init.o(.text)
    __scatterload_rt2                        0x08000369   Thumb Code     0  init.o(.text)
    BusFault_Handler                         0x0800038d   Thumb Code     4  stm32f4xx_it.o(i.BusFault_Handler)
    DMA1_Stream5_IRQHandler                  0x08000391   Thumb Code    10  stm32f4xx_it.o(i.DMA1_Stream5_IRQHandler)
    DMA1_Stream6_IRQHandler                  0x080003a1   Thumb Code     2  stm32f4xx_it.o(i.DMA1_Stream6_IRQHandler)
    DMA1_Stream7_IRQHandler                  0x080003a5   Thumb Code    10  stm32f4xx_it.o(i.DMA1_Stream7_IRQHandler)
    DebugMon_Handler                         0x080003b5   Thumb Code     2  stm32f4xx_it.o(i.DebugMon_Handler)
    Error_Handler                            0x080003b7   Thumb Code     2  main.o(i.Error_Handler)
    ExtComm_UART2_RxCpltCallback             0x080003b9   Thumb Code   104  extcomm.o(i.ExtComm_UART2_RxCpltCallback)
    HAL_DMA_Abort_IT                         0x08000431   Thumb Code    40  stm32f4xx_hal_dma.o(i.HAL_DMA_Abort_IT)
    HAL_DMA_IRQHandler                       0x08000459   Thumb Code   570  stm32f4xx_hal_dma.o(i.HAL_DMA_IRQHandler)
    HAL_Delay                                0x08000699   Thumb Code    36  stm32f4xx_hal.o(i.HAL_Delay)
    HAL_GPIO_Init                            0x080006c1   Thumb Code   466  stm32f4xx_hal_gpio.o(i.HAL_GPIO_Init)
    HAL_GPIO_WritePin                        0x080008c1   Thumb Code    12  stm32f4xx_hal_gpio.o(i.HAL_GPIO_WritePin)
    HAL_GetTick                              0x080008cd   Thumb Code     6  stm32f4xx_hal.o(i.HAL_GetTick)
    HAL_HCD_Connect_Callback                 0x080008d9   Thumb Code    14  usbh_conf.o(i.HAL_HCD_Connect_Callback)
    HAL_HCD_Disconnect_Callback              0x080008e7   Thumb Code    14  usbh_conf.o(i.HAL_HCD_Disconnect_Callback)
    HAL_HCD_HC_NotifyURBChange_Callback      0x080008f5   Thumb Code     2  usbh_conf.o(i.HAL_HCD_HC_NotifyURBChange_Callback)
    HAL_HCD_IRQHandler                       0x080008f7   Thumb Code   364  stm32f4xx_hal_hcd.o(i.HAL_HCD_IRQHandler)
    HAL_HCD_PortDisabled_Callback            0x08000a63   Thumb Code    14  usbh_conf.o(i.HAL_HCD_PortDisabled_Callback)
    HAL_HCD_PortEnabled_Callback             0x08000a71   Thumb Code    14  usbh_conf.o(i.HAL_HCD_PortEnabled_Callback)
    HAL_HCD_SOF_Callback                     0x08000a7f   Thumb Code    14  usbh_conf.o(i.HAL_HCD_SOF_Callback)
    HAL_HCD_Start                            0x08000a8d   Thumb Code    54  stm32f4xx_hal_hcd.o(i.HAL_HCD_Start)
    HAL_HCD_Stop                             0x08000ac3   Thumb Code    46  stm32f4xx_hal_hcd.o(i.HAL_HCD_Stop)
    HAL_IncTick                              0x08000af1   Thumb Code    16  stm32f4xx_hal.o(i.HAL_IncTick)
    HAL_Init                                 0x08000b09   Thumb Code    54  stm32f4xx_hal.o(i.HAL_Init)
    HAL_InitTick                             0x08000b45   Thumb Code    64  stm32f4xx_hal.o(i.HAL_InitTick)
    HAL_MspInit                              0x08000b91   Thumb Code    68  stm32f4xx_hal_msp.o(i.HAL_MspInit)
    HAL_NVIC_SetPriority                     0x08000bd9   Thumb Code   124  stm32f4xx_hal_cortex.o(i.HAL_NVIC_SetPriority)
    HAL_NVIC_SetPriorityGrouping             0x08000c55   Thumb Code    32  stm32f4xx_hal_cortex.o(i.HAL_NVIC_SetPriorityGrouping)
    HAL_RCCEx_PeriphCLKConfig                0x08000c7d   Thumb Code   396  stm32f4xx_hal_rcc_ex.o(i.HAL_RCCEx_PeriphCLKConfig)
    HAL_RCC_ClockConfig                      0x08000e1d   Thumb Code   366  stm32f4xx_hal_rcc.o(i.HAL_RCC_ClockConfig)
    HAL_RCC_GetSysClockFreq                  0x08000f9d   Thumb Code   162  stm32f4xx_hal_rcc.o(i.HAL_RCC_GetSysClockFreq)
    HAL_RCC_OscConfig                        0x0800104d   Thumb Code  1086  stm32f4xx_hal_rcc.o(i.HAL_RCC_OscConfig)
    HAL_SYSTICK_Config                       0x08001495   Thumb Code    52  stm32f4xx_hal_cortex.o(i.HAL_SYSTICK_Config)
    HAL_TIMEx_BreakCallback                  0x080014c9   Thumb Code     2  stm32f4xx_hal_tim_ex.o(i.HAL_TIMEx_BreakCallback)
    HAL_TIMEx_CommutCallback                 0x080014cb   Thumb Code     2  stm32f4xx_hal_tim_ex.o(i.HAL_TIMEx_CommutCallback)
    HAL_TIM_IC_CaptureCallback               0x080014cd   Thumb Code     2  stm32f4xx_hal_tim.o(i.HAL_TIM_IC_CaptureCallback)
    HAL_TIM_IRQHandler                       0x080014cf   Thumb Code   406  stm32f4xx_hal_tim.o(i.HAL_TIM_IRQHandler)
    HAL_TIM_OC_DelayElapsedCallback          0x08001665   Thumb Code     2  stm32f4xx_hal_tim.o(i.HAL_TIM_OC_DelayElapsedCallback)
    HAL_TIM_PWM_PulseFinishedCallback        0x08001667   Thumb Code     2  stm32f4xx_hal_tim.o(i.HAL_TIM_PWM_PulseFinishedCallback)
    HAL_TIM_PeriodElapsedCallback            0x08001669   Thumb Code     2  stm32f4xx_hal_tim.o(i.HAL_TIM_PeriodElapsedCallback)
    HAL_TIM_TriggerCallback                  0x0800166b   Thumb Code     2  stm32f4xx_hal_tim.o(i.HAL_TIM_TriggerCallback)
    HAL_UART_ErrorCallback                   0x0800166d   Thumb Code     2  stm32f4xx_hal_uart.o(i.HAL_UART_ErrorCallback)
    HAL_UART_IRQHandler                      0x08001671   Thumb Code   328  stm32f4xx_hal_uart.o(i.HAL_UART_IRQHandler)
    HAL_UART_RxCpltCallback                  0x080017bd   Thumb Code     2  stm32f4xx_hal_uart.o(i.HAL_UART_RxCpltCallback)
    HAL_UART_TxCpltCallback                  0x080017bf   Thumb Code     2  stm32f4xx_hal_uart.o(i.HAL_UART_TxCpltCallback)
    HardFault_Handler                        0x08002465   Thumb Code     4  stm32f4xx_it.o(i.HardFault_Handler)
    MX_GPIO_Init                             0x08002469   Thumb Code   374  gpio.o(i.MX_GPIO_Init)
    MemManage_Handler                        0x080025f5   Thumb Code     4  stm32f4xx_it.o(i.MemManage_Handler)
    NMI_Handler                              0x080025f9   Thumb Code     2  stm32f4xx_it.o(i.NMI_Handler)
    OTG_FS_IRQHandler                        0x080025fd   Thumb Code    10  stm32f4xx_it.o(i.OTG_FS_IRQHandler)
    SysTick_Handler                          0x0800260d   Thumb Code     8  stm32f4xx_it.o(i.SysTick_Handler)
    SystemClock_Config                       0x08002615   Thumb Code   200  main.o(i.SystemClock_Config)
    SystemInit                               0x080026e5   Thumb Code    82  system_stm32f4xx.o(i.SystemInit)
    TIM1_BRK_TIM9_IRQHandler                 0x08002749   Thumb Code    10  stm32f4xx_it.o(i.TIM1_BRK_TIM9_IRQHandler)
    TIM2_IRQHandler                          0x08002759   Thumb Code     2  stm32f4xx_it.o(i.TIM2_IRQHandler)
    USART2_IRQHandler                        0x080028bd   Thumb Code    14  stm32f4xx_it.o(i.USART2_IRQHandler)
    USBH_FreePipe                            0x080028d1   Thumb Code    30  usbh_pipes.o(i.USBH_FreePipe)
    USBH_Get_USB_Status                      0x080028ef   Thumb Code    44  usbh_conf.o(i.USBH_Get_USB_Status)
    USBH_LL_Connect                          0x08002937   Thumb Code    48  usbh_core.o(i.USBH_LL_Connect)
    USBH_LL_Disconnect                       0x08002967   Thumb Code    66  usbh_core.o(i.USBH_LL_Disconnect)
    USBH_LL_IncTimer                         0x080029a9   Thumb Code    22  usbh_core.o(i.USBH_LL_IncTimer)
    USBH_LL_PortDisabled                     0x080029bf   Thumb Code     8  usbh_core.o(i.USBH_LL_PortDisabled)
    USBH_LL_PortEnabled                      0x080029c7   Thumb Code     8  usbh_core.o(i.USBH_LL_PortEnabled)
    USBH_LL_Start                            0x080029cf   Thumb Code    30  usbh_conf.o(i.USBH_LL_Start)
    USBH_LL_Stop                             0x080029ed   Thumb Code    30  usbh_conf.o(i.USBH_LL_Stop)
    USB_DisableGlobalInt                     0x08002a0b   Thumb Code    14  stm32f4xx_ll_usb.o(i.USB_DisableGlobalInt)
    USB_DriveVbus                            0x08002a19   Thumb Code    74  stm32f4xx_ll_usb.o(i.USB_DriveVbus)
    USB_EnableGlobalInt                      0x08002a63   Thumb Code    14  stm32f4xx_ll_usb.o(i.USB_EnableGlobalInt)
    USB_FlushRxFifo                          0x08002a71   Thumb Code    38  stm32f4xx_ll_usb.o(i.USB_FlushRxFifo)
    USB_FlushTxFifo                          0x08002a9d   Thumb Code    44  stm32f4xx_ll_usb.o(i.USB_FlushTxFifo)
    USB_GetMode                              0x08002acd   Thumb Code    10  stm32f4xx_ll_usb.o(i.USB_GetMode)
    USB_HC_Halt                              0x08002ad7   Thumb Code   374  stm32f4xx_ll_usb.o(i.USB_HC_Halt)
    USB_HC_ReadInterrupt                     0x08002c4d   Thumb Code    14  stm32f4xx_ll_usb.o(i.USB_HC_ReadInterrupt)
    USB_InitFSLSPClkSel                      0x08002c5b   Thumb Code    68  stm32f4xx_ll_usb.o(i.USB_InitFSLSPClkSel)
    USB_ReadInterrupts                       0x08002c9f   Thumb Code    10  stm32f4xx_ll_usb.o(i.USB_ReadInterrupts)
    USB_ReadPacket                           0x08002ca9   Thumb Code    34  stm32f4xx_ll_usb.o(i.USB_ReadPacket)
    USB_StopHost                             0x08002ccb   Thumb Code   180  stm32f4xx_ll_usb.o(i.USB_StopHost)
    UsageFault_Handler                       0x08002d7f   Thumb Code     4  stm32f4xx_it.o(i.UsageFault_Handler)
    __scatterload_copy                       0x08002dbd   Thumb Code    14  handlers.o(i.__scatterload_copy)
    __scatterload_null                       0x08002dcb   Thumb Code     2  handlers.o(i.__scatterload_null)
    __scatterload_zeroinit                   0x08002dcd   Thumb Code    14  handlers.o(i.__scatterload_zeroinit)
    main                                     0x08002ddd   Thumb Code    74  main.o(i.main)
    uxListRemove                             0x08002eb1   Thumb Code    40  list.o(i.uxListRemove)
    vListInsertEnd                           0x08002ed9   Thumb Code    24  list.o(i.vListInsertEnd)
    vPortValidateInterruptPriority           0x08002ef1   Thumb Code   106  port.o(i.vPortValidateInterruptPriority)
    vTaskSwitchContext                       0x08002f69   Thumb Code   118  tasks.o(i.vTaskSwitchContext)
    xQueueGenericSendFromISR                 0x08002ff5   Thumb Code   240  queue.o(i.xQueueGenericSendFromISR)
    xTaskPriorityDisinherit                  0x080030e5   Thumb Code   188  tasks.o(i.xTaskPriorityDisinherit)
    xTaskRemoveFromEventList                 0x080031ad   Thumb Code   128  tasks.o(i.xTaskRemoveFromEventList)
    AHBPrescTable                            0x08003244   Data          16  system_stm32f4xx.o(.constdata)
    APBPrescTable                            0x08003254   Data           8  system_stm32f4xx.o(.constdata)
    Region$$Table$$Base                      0x0800325c   Number         0  anon$$obj.o(Region$$Table)
    Region$$Table$$Limit                     0x0800327c   Number         0  anon$$obj.o(Region$$Table)
    threshold                                0x20000000   Data           4  main.o(.data)
    activity                                 0x20000004   Data           4  main.o(.data)
    uwTick                                   0x20000008   Data           4  stm32f4xx_hal.o(.data)
    uwTickPrio                               0x2000000c   Data           4  stm32f4xx_hal.o(.data)
    uwTickFreq                               0x20000010   Data           1  stm32f4xx_hal.o(.data)
    SystemCoreClock                          0x20000014   Data           4  system_stm32f4xx.o(.data)
    pxCurrentTCB                             0x20000024   Data           4  tasks.o(.data)
    hsemEXTCOMMSendMsg                       0x2000005c   Data           4  extcomm.o(.data)
    hqueueReceivedExternal                   0x20000060   Data           4  extcomm.o(.data)
    hqueueSerialData                         0x20000064   Data           4  extcomm.o(.data)
    rx_count                                 0x20000068   Data           4  extcomm.o(.data)
    miss_count                               0x2000006c   Data           4  extcomm.o(.data)
    invalid_count                            0x20000070   Data           4  extcomm.o(.data)
    currentPosition                          0x20000074   Data           4  extcomm.o(.data)
    MSG_RECEIVED                             0x20000078   Data           4  extcomm.o(.data)
    AVAILABLE                                0x2000007c   Data           4  extcomm.o(.data)
    rx_cnt                                   0x20000080   Data           1  extcomm.o(.data)
    tick_db_Comm                             0x20000084   Data           4  extcomm.o(.data)
    hdac                                     0x2000008c   Data          20  dac.o(.bss)
    hdma_dac1                                0x200000a0   Data          96  dac.o(.bss)
    hi2s3                                    0x20000100   Data          72  i2s.o(.bss)
    hdma_spi3_tx                             0x20000148   Data          96  i2s.o(.bss)
    htim6                                    0x200001a8   Data          64  tim.o(.bss)
    htim9                                    0x200001e8   Data          64  tim.o(.bss)
    htim13                                   0x20000228   Data          64  tim.o(.bss)
    hhcd_USB_OTG_FS                          0x20000268   Data         708  usbh_conf.o(.bss)
    huart2                                   0x20000680   Data          64  extcomm.o(.bss)
    __initial_sp                             0x20000ac0   Data           0  startup_stm32f407xx.o(STACK)



==============================================================================

Memory Map of the image

  Image Entry point : 0x08000189

  Load Region LR_IROM1 (Base: 0x08000000, Size: 0x00003308, Max: 0x00100000, ABSOLUTE)

    Execution Region ER_IROM1 (Exec base: 0x08000000, Load base: 0x08000000, Size: 0x0000327c, Max: 0x00100000, ABSOLUTE)

    Exec Addr    Load Addr    Size         Type   Attr      Idx    E Section Name        Object

    0x08000000   0x08000000   0x00000188   Data   RO            3    RESET               startup_stm32f407xx.o
    0x08000188   0x08000188   0x00000000   Code   RO         7386  * .ARM.Collect$$$$00000000  mc_w.l(entry.o)
    0x08000188   0x08000188   0x00000004   Code   RO         7425    .ARM.Collect$$$$00000001  mc_w.l(entry2.o)
    0x0800018c   0x0800018c   0x00000004   Code   RO         7428    .ARM.Collect$$$$00000004  mc_w.l(entry5.o)
    0x08000190   0x08000190   0x00000000   Code   RO         7430    .ARM.Collect$$$$00000008  mc_w.l(entry7b.o)
    0x08000190   0x08000190   0x00000000   Code   RO         7432    .ARM.Collect$$$$0000000A  mc_w.l(entry8b.o)
    0x08000190   0x08000190   0x00000008   Code   RO         7433    .ARM.Collect$$$$0000000B  mc_w.l(entry9a.o)
    0x08000198   0x08000198   0x00000004   Code   RO         7440    .ARM.Collect$$$$0000000E  mc_w.l(entry12b.o)
    0x0800019c   0x0800019c   0x00000000   Code   RO         7435    .ARM.Collect$$$$0000000F  mc_w.l(entry10a.o)
    0x0800019c   0x0800019c   0x00000000   Code   RO         7437    .ARM.Collect$$$$00000011  mc_w.l(entry11a.o)
    0x0800019c   0x0800019c   0x00000004   Code   RO         7426    .ARM.Collect$$$$00002712  mc_w.l(entry2.o)
    0x080001a0   0x080001a0   0x000000ba   Code   RO         6327    .emb_text           port.o
    0x0800025a   0x0800025a   0x00000002   PAD
    0x0800025c   0x0800025c   0x00000024   Code   RO            4    .text               startup_stm32f407xx.o
    0x08000280   0x08000280   0x00000062   Code   RO         7389    .text               mc_w.l(uldiv.o)
    0x080002e2   0x080002e2   0x00000024   Code   RO         7391    .text               mc_w.l(memcpya.o)
    0x08000306   0x08000306   0x00000024   Code   RO         7393    .text               mc_w.l(memseta.o)
    0x0800032a   0x0800032a   0x0000001e   Code   RO         7441    .text               mc_w.l(llshl.o)
    0x08000348   0x08000348   0x00000020   Code   RO         7443    .text               mc_w.l(llushr.o)
    0x08000368   0x08000368   0x00000024   Code   RO         7447    .text               mc_w.l(init.o)
    0x0800038c   0x0800038c   0x00000004   Code   RO          975    i.BusFault_Handler  stm32f4xx_it.o
    0x08000390   0x08000390   0x00000010   Code   RO          976    i.DMA1_Stream5_IRQHandler  stm32f4xx_it.o
    0x080003a0   0x080003a0   0x00000002   Code   RO          977    i.DMA1_Stream6_IRQHandler  stm32f4xx_it.o
    0x080003a2   0x080003a2   0x00000002   PAD
    0x080003a4   0x080003a4   0x00000010   Code   RO          978    i.DMA1_Stream7_IRQHandler  stm32f4xx_it.o
    0x080003b4   0x080003b4   0x00000002   Code   RO          979    i.DebugMon_Handler  stm32f4xx_it.o
    0x080003b6   0x080003b6   0x00000002   Code   RO          271    i.Error_Handler     main.o
    0x080003b8   0x080003b8   0x00000078   Code   RO         7337    i.ExtComm_UART2_RxCpltCallback  extcomm.o
    0x08000430   0x08000430   0x00000028   Code   RO         4375    i.HAL_DMA_Abort_IT  stm32f4xx_hal_dma.o
    0x08000458   0x08000458   0x00000240   Code   RO         4379    i.HAL_DMA_IRQHandler  stm32f4xx_hal_dma.o
    0x08000698   0x08000698   0x00000028   Code   RO         4798    i.HAL_Delay         stm32f4xx_hal.o
    0x080006c0   0x080006c0   0x00000200   Code   RO         4267    i.HAL_GPIO_Init     stm32f4xx_hal_gpio.o
    0x080008c0   0x080008c0   0x0000000c   Code   RO         4271    i.HAL_GPIO_WritePin  stm32f4xx_hal_gpio.o
    0x080008cc   0x080008cc   0x0000000c   Code   RO         4804    i.HAL_GetTick       stm32f4xx_hal.o
    0x080008d8   0x080008d8   0x0000000e   Code   RO          797    i.HAL_HCD_Connect_Callback  usbh_conf.o
    0x080008e6   0x080008e6   0x0000000e   Code   RO          798    i.HAL_HCD_Disconnect_Callback  usbh_conf.o
    0x080008f4   0x080008f4   0x00000002   Code   RO          799    i.HAL_HCD_HC_NotifyURBChange_Callback  usbh_conf.o
    0x080008f6   0x080008f6   0x0000016c   Code   RO         1140    i.HAL_HCD_IRQHandler  stm32f4xx_hal_hcd.o
    0x08000a62   0x08000a62   0x0000000e   Code   RO          802    i.HAL_HCD_PortDisabled_Callback  usbh_conf.o
    0x08000a70   0x08000a70   0x0000000e   Code   RO          803    i.HAL_HCD_PortEnabled_Callback  usbh_conf.o
    0x08000a7e   0x08000a7e   0x0000000e   Code   RO          804    i.HAL_HCD_SOF_Callback  usbh_conf.o
    0x08000a8c   0x08000a8c   0x00000036   Code   RO         1148    i.HAL_HCD_Start     stm32f4xx_hal_hcd.o
    0x08000ac2   0x08000ac2   0x0000002e   Code   RO         1149    i.HAL_HCD_Stop      stm32f4xx_hal_hcd.o
    0x08000af0   0x08000af0   0x00000018   Code   RO         4810    i.HAL_IncTick       stm32f4xx_hal.o
    0x08000b08   0x08000b08   0x0000003c   Code   RO         4811    i.HAL_Init          stm32f4xx_hal.o
    0x08000b44   0x08000b44   0x0000004c   Code   RO         4812    i.HAL_InitTick      stm32f4xx_hal.o
    0x08000b90   0x08000b90   0x00000048   Code   RO         1081    i.HAL_MspInit       stm32f4xx_hal_msp.o
    0x08000bd8   0x08000bd8   0x0000007c   Code   RO         4662    i.HAL_NVIC_SetPriority  stm32f4xx_hal_cortex.o
    0x08000c54   0x08000c54   0x00000028   Code   RO         4663    i.HAL_NVIC_SetPriorityGrouping  stm32f4xx_hal_cortex.o
    0x08000c7c   0x08000c7c   0x000001a0   Code   RO         3973    i.HAL_RCCEx_PeriphCLKConfig  stm32f4xx_hal_rcc_ex.o
    0x08000e1c   0x08000e1c   0x00000180   Code   RO         3868    i.HAL_RCC_ClockConfig  stm32f4xx_hal_rcc.o
    0x08000f9c   0x08000f9c   0x000000b0   Code   RO         3877    i.HAL_RCC_GetSysClockFreq  stm32f4xx_hal_rcc.o
    0x0800104c   0x0800104c   0x00000448   Code   RO         3880    i.HAL_RCC_OscConfig  stm32f4xx_hal_rcc.o
    0x08001494   0x08001494   0x00000034   Code   RO         4667    i.HAL_SYSTICK_Config  stm32f4xx_hal_cortex.o
    0x080014c8   0x080014c8   0x00000002   Code   RO         3285    i.HAL_TIMEx_BreakCallback  stm32f4xx_hal_tim_ex.o
    0x080014ca   0x080014ca   0x00000002   Code   RO         3286    i.HAL_TIMEx_CommutCallback  stm32f4xx_hal_tim_ex.o
    0x080014cc   0x080014cc   0x00000002   Code   RO         2628    i.HAL_TIM_IC_CaptureCallback  stm32f4xx_hal_tim.o
    0x080014ce   0x080014ce   0x00000196   Code   RO         2642    i.HAL_TIM_IRQHandler  stm32f4xx_hal_tim.o
    0x08001664   0x08001664   0x00000002   Code   RO         2645    i.HAL_TIM_OC_DelayElapsedCallback  stm32f4xx_hal_tim.o
    0x08001666   0x08001666   0x00000002   Code   RO         2672    i.HAL_TIM_PWM_PulseFinishedCallback  stm32f4xx_hal_tim.o
    0x08001668   0x08001668   0x00000002   Code   RO         2680    i.HAL_TIM_PeriodElapsedCallback  stm32f4xx_hal_tim.o
    0x0800166a   0x0800166a   0x00000002   Code   RO         2685    i.HAL_TIM_TriggerCallback  stm32f4xx_hal_tim.o
    0x0800166c   0x0800166c   0x00000002   Code   RO         3557    i.HAL_UART_ErrorCallback  stm32f4xx_hal_uart.o
    0x0800166e   0x0800166e   0x00000002   PAD
    0x08001670   0x08001670   0x0000014c   Code   RO         3560    i.HAL_UART_IRQHandler  stm32f4xx_hal_uart.o
    0x080017bc   0x080017bc   0x00000002   Code   RO         3567    i.HAL_UART_RxCpltCallback  stm32f4xx_hal_uart.o
    0x080017be   0x080017be   0x00000002   Code   RO         3572    i.HAL_UART_TxCpltCallback  stm32f4xx_hal_uart.o
    0x080017c0   0x080017c0   0x00000570   Code   RO         1150    i.HCD_HC_IN_IRQHandler  stm32f4xx_hal_hcd.o
    0x08001d30   0x08001d30   0x0000054a   Code   RO         1151    i.HCD_HC_OUT_IRQHandler  stm32f4xx_hal_hcd.o
    0x0800227a   0x0800227a   0x000000e0   Code   RO         1152    i.HCD_Port_IRQHandler  stm32f4xx_hal_hcd.o
    0x0800235a   0x0800235a   0x00000002   PAD
    0x0800235c   0x0800235c   0x00000108   Code   RO         1153    i.HCD_RXQLVL_IRQHandler  stm32f4xx_hal_hcd.o
    0x08002464   0x08002464   0x00000004   Code   RO          980    i.HardFault_Handler  stm32f4xx_it.o
    0x08002468   0x08002468   0x0000018c   Code   RO          356    i.MX_GPIO_Init      gpio.o
    0x080025f4   0x080025f4   0x00000004   Code   RO          981    i.MemManage_Handler  stm32f4xx_it.o
    0x080025f8   0x080025f8   0x00000002   Code   RO          982    i.NMI_Handler       stm32f4xx_it.o
    0x080025fa   0x080025fa   0x00000002   PAD
    0x080025fc   0x080025fc   0x00000010   Code   RO          983    i.OTG_FS_IRQHandler  stm32f4xx_it.o
    0x0800260c   0x0800260c   0x00000008   Code   RO          984    i.SysTick_Handler   stm32f4xx_it.o
    0x08002614   0x08002614   0x000000d0   Code   RO          272    i.SystemClock_Config  main.o
    0x080026e4   0x080026e4   0x00000064   Code   RO         5047    i.SystemInit        system_stm32f4xx.o
    0x08002748   0x08002748   0x00000010   Code   RO          985    i.TIM1_BRK_TIM9_IRQHandler  stm32f4xx_it.o
    0x08002758   0x08002758   0x00000002   Code   RO          986    i.TIM2_IRQHandler   stm32f4xx_it.o
    0x0800275a   0x0800275a   0x00000014   Code   RO         3574    i.UART_DMAAbortOnError  stm32f4xx_hal_uart.o
    0x0800276e   0x0800276e   0x00000020   Code   RO         3584    i.UART_EndRxTransfer  stm32f4xx_hal_uart.o
    0x0800278e   0x0800278e   0x00000020   Code   RO         3585    i.UART_EndTransmit_IT  stm32f4xx_hal_uart.o
    0x080027ae   0x080027ae   0x000000a6   Code   RO         3587    i.UART_Receive_IT   stm32f4xx_hal_uart.o
    0x08002854   0x08002854   0x00000068   Code   RO         3589    i.UART_Transmit_IT  stm32f4xx_hal_uart.o
    0x080028bc   0x080028bc   0x00000014   Code   RO          987    i.USART2_IRQHandler  stm32f4xx_it.o
    0x080028d0   0x080028d0   0x0000001e   Code   RO         5902    i.USBH_FreePipe     usbh_pipes.o
    0x080028ee   0x080028ee   0x0000002c   Code   RO          806    i.USBH_Get_USB_Status  usbh_conf.o
    0x0800291a   0x0800291a   0x0000001c   Code   RO         5579    i.USBH_HandleSof    usbh_core.o
    0x08002936   0x08002936   0x00000030   Code   RO         5582    i.USBH_LL_Connect   usbh_core.o
    0x08002966   0x08002966   0x00000042   Code   RO         5583    i.USBH_LL_Disconnect  usbh_core.o
    0x080029a8   0x080029a8   0x00000016   Code   RO         5584    i.USBH_LL_IncTimer  usbh_core.o
    0x080029be   0x080029be   0x00000008   Code   RO         5585    i.USBH_LL_PortDisabled  usbh_core.o
    0x080029c6   0x080029c6   0x00000008   Code   RO         5586    i.USBH_LL_PortEnabled  usbh_core.o
    0x080029ce   0x080029ce   0x0000001e   Code   RO          818    i.USBH_LL_Start     usbh_conf.o
    0x080029ec   0x080029ec   0x0000001e   Code   RO          819    i.USBH_LL_Stop      usbh_conf.o
    0x08002a0a   0x08002a0a   0x0000000e   Code   RO         1316    i.USB_DisableGlobalInt  stm32f4xx_ll_usb.o
    0x08002a18   0x08002a18   0x0000004a   Code   RO         1318    i.USB_DriveVbus     stm32f4xx_ll_usb.o
    0x08002a62   0x08002a62   0x0000000e   Code   RO         1324    i.USB_EnableGlobalInt  stm32f4xx_ll_usb.o
    0x08002a70   0x08002a70   0x0000002c   Code   RO         1325    i.USB_FlushRxFifo   stm32f4xx_ll_usb.o
    0x08002a9c   0x08002a9c   0x00000030   Code   RO         1326    i.USB_FlushTxFifo   stm32f4xx_ll_usb.o
    0x08002acc   0x08002acc   0x0000000a   Code   RO         1330    i.USB_GetMode       stm32f4xx_ll_usb.o
    0x08002ad6   0x08002ad6   0x00000176   Code   RO         1331    i.USB_HC_Halt       stm32f4xx_ll_usb.o
    0x08002c4c   0x08002c4c   0x0000000e   Code   RO         1333    i.USB_HC_ReadInterrupt  stm32f4xx_ll_usb.o
    0x08002c5a   0x08002c5a   0x00000044   Code   RO         1336    i.USB_InitFSLSPClkSel  stm32f4xx_ll_usb.o
    0x08002c9e   0x08002c9e   0x0000000a   Code   RO         1341    i.USB_ReadInterrupts  stm32f4xx_ll_usb.o
    0x08002ca8   0x08002ca8   0x00000022   Code   RO         1342    i.USB_ReadPacket    stm32f4xx_ll_usb.o
    0x08002cca   0x08002cca   0x000000b4   Code   RO         1349    i.USB_StopHost      stm32f4xx_ll_usb.o
    0x08002d7e   0x08002d7e   0x00000004   Code   RO          988    i.UsageFault_Handler  stm32f4xx_it.o
    0x08002d82   0x08002d82   0x00000002   PAD
    0x08002d84   0x08002d84   0x00000010   Code   RO         4669    i.__NVIC_GetPriorityGrouping  stm32f4xx_hal_cortex.o
    0x08002d94   0x08002d94   0x00000028   Code   RO         4670    i.__NVIC_SetPriority  stm32f4xx_hal_cortex.o
    0x08002dbc   0x08002dbc   0x0000000e   Code   RO         7451    i.__scatterload_copy  mc_w.l(handlers.o)
    0x08002dca   0x08002dca   0x00000002   Code   RO         7452    i.__scatterload_null  mc_w.l(handlers.o)
    0x08002dcc   0x08002dcc   0x0000000e   Code   RO         7453    i.__scatterload_zeroinit  mc_w.l(handlers.o)
    0x08002dda   0x08002dda   0x00000002   PAD
    0x08002ddc   0x08002ddc   0x00000054   Code   RO          273    i.main              main.o
    0x08002e30   0x08002e30   0x00000080   Code   RO         7166    i.prvCopyDataToQueue  queue.o
    0x08002eb0   0x08002eb0   0x00000028   Code   RO         6208    i.uxListRemove      list.o
    0x08002ed8   0x08002ed8   0x00000018   Code   RO         6212    i.vListInsertEnd    list.o
    0x08002ef0   0x08002ef0   0x00000078   Code   RO         6334    i.vPortValidateInterruptPriority  port.o
    0x08002f68   0x08002f68   0x0000008c   Code   RO         6883    i.vTaskSwitchContext  tasks.o
    0x08002ff4   0x08002ff4   0x000000f0   Code   RO         7186    i.xQueueGenericSendFromISR  queue.o
    0x080030e4   0x080030e4   0x000000c8   Code   RO         6895    i.xTaskPriorityDisinherit  tasks.o
    0x080031ac   0x080031ac   0x00000098   Code   RO         6896    i.xTaskRemoveFromEventList  tasks.o
    0x08003244   0x08003244   0x00000018   Data   RO         5048    .constdata          system_stm32f4xx.o
    0x0800325c   0x0800325c   0x00000020   Data   RO         7449    Region$$Table       anon$$obj.o


    Execution Region RW_IRAM1 (Exec base: 0x20000000, Load base: 0x0800327c, Size: 0x00000ac0, Max: 0x00020000, ABSOLUTE)

    Exec Addr    Load Addr    Size         Type   Attr      Idx    E Section Name        Object

    0x20000000   0x0800327c   0x00000008   Data   RW          274    .data               main.o
    0x20000008   0x08003284   0x00000009   Data   RW         4818    .data               stm32f4xx_hal.o
    0x20000011   0x0800328d   0x00000003   PAD
    0x20000014   0x08003290   0x00000004   Data   RW         5049    .data               system_stm32f4xx.o
    0x20000018   0x08003294   0x0000000c   Data   RW         6337    .data               port.o
    0x20000024   0x080032a0   0x00000038   Data   RW         6901    .data               tasks.o
    0x2000005c   0x080032d8   0x0000002e   Data   RW         7340    .data               extcomm.o
    0x2000008a   0x08003306   0x00000002   PAD
    0x2000008c        -       0x00000074   Zero   RW          386    .bss                dac.o
    0x20000100        -       0x000000a8   Zero   RW          653    .bss                i2s.o
    0x200001a8        -       0x000000c0   Zero   RW          698    .bss                tim.o
    0x20000268        -       0x000002c4   Zero   RW          821    .bss                usbh_conf.o
    0x2000052c        -       0x00000154   Zero   RW         6900    .bss                tasks.o
    0x20000680        -       0x00000040   Zero   RW         7339    .bss                extcomm.o
    0x200006c0        -       0x00000400   Zero   RW            1    STACK               startup_stm32f407xx.o


==============================================================================

Image component sizes


      Code (inc. data)   RO Data    RW Data    ZI Data      Debug   Object Name

         0          0          0          0          0     703668   adafruit_drv2605.o
         0          0          0          0        116        221   dac.o
         0          0          0          0          0       8324   event_groups.o
       120         16          0         46         64       2189   extcomm.o
       396         22          0          0          0       1099   gpio.o
         0          0          0          0        168        229   i2s.o
        64          0          0          0          0       1692   list.o
       294         18          0          8          0      15241   main.o
       306         30          0         12          0       1949   port.o
       368          0          0          0          0       3971   queue.o
        36          8        392          0       1024        828   startup_stm32f407xx.o
       212         36          0          9          0       4509   stm32f4xx_hal.o
       272         22          0          0          0      33710   stm32f4xx_hal_cortex.o
       616          6          0          0          0       2228   stm32f4xx_hal_dma.o
       524         46          0          0          0       2292   stm32f4xx_hal_gpio.o
      3698          6          0          0          0       6580   stm32f4xx_hal_hcd.o
        72          4          0          0          0        826   stm32f4xx_hal_msp.o
      1656         58          0          0          0       3780   stm32f4xx_hal_rcc.o
       416         20          0          0          0       1392   stm32f4xx_hal_rcc_ex.o
       416          0          0          0          0       4182   stm32f4xx_hal_tim.o
         4          0          0          0          0       1549   stm32f4xx_hal_tim_ex.o
       692          4          0          0          0       6303   stm32f4xx_hal_uart.o
       116         30          0          0          0       6538   stm32f4xx_it.o
       884         10          0          0          0       8747   stm32f4xx_ll_usb.o
       100         18         24          4          0       1131   system_stm32f4xx.o
       492         58          0         56        340       6205   tasks.o
         0          0          0          0        192        249   tim.o
       176          0          0          0        708       5616   usbh_conf.o
       180          0          0          0          0       4171   usbh_core.o
         0          0          0          0          0       7636   usbh_diskio.o
        30          0          0          0          0       1032   usbh_pipes.o

    ----------------------------------------------------------------------
     12152        412        448        140       2612     848087   Object Totals
         0          0         32          0          0          0   (incl. Generated)
        12          0          0          5          0          0   (incl. Padding)

    ----------------------------------------------------------------------

      Code (inc. data)   RO Data    RW Data    ZI Data      Debug   Library Member Name

         0          0          0          0          0          0   entry.o
         0          0          0          0          0          0   entry10a.o
         0          0          0          0          0          0   entry11a.o
         4          0          0          0          0          0   entry12b.o
         8          4          0          0          0          0   entry2.o
         4          0          0          0          0          0   entry5.o
         0          0          0          0          0          0   entry7b.o
         0          0          0          0          0          0   entry8b.o
         8          4          0          0          0          0   entry9a.o
        30          0          0          0          0          0   handlers.o
        36          8          0          0          0         68   init.o
        30          0          0          0          0         68   llshl.o
        32          0          0          0          0         68   llushr.o
        36          0          0          0          0         68   memcpya.o
        36          0          0          0          0        108   memseta.o
        98          0          0          0          0         92   uldiv.o

    ----------------------------------------------------------------------
       324         16          0          0          0        472   Library Totals
         2          0          0          0          0          0   (incl. Padding)

    ----------------------------------------------------------------------

      Code (inc. data)   RO Data    RW Data    ZI Data      Debug   Library Name

       322         16          0          0          0        472   mc_w.l

    ----------------------------------------------------------------------
       324         16          0          0          0        472   Library Totals

    ----------------------------------------------------------------------

==============================================================================


      Code (inc. data)   RO Data    RW Data    ZI Data      Debug   

     12476        428        448        140       2612     839207   Grand Totals
     12476        428        448        140       2612     839207   ELF Image Totals
     12476        428        448        140          0          0   ROM Totals

==============================================================================

    Total RO  Size (Code + RO Data)                12924 (  12.62kB)
    Total RW  Size (RW Data + ZI Data)              2752 (   2.69kB)
    Total ROM Size (Code + RO Data + RW Data)      13064 (  12.76kB)

==============================================================================

