<html>
<body>
<pre>
<h1>µVision Build Log</h1>
<h2>Tool Versions:</h2>
IDE-Version: µVision V5.39.0.0
Copyright (C) 2023 ARM Ltd and ARM Germany GmbH. All rights reserved.
License Information: Luís Gonçalves, Universidade do Minho, LIC=----
 
Tool Versions:
Toolchain:       MDK-Lite  Version: 5.39.0.0
Toolchain Path:  D:\Keil\ARM\ARMCC\Bin
C Compiler:      Armcc.exe V5.06 update 7 (build 960)
Assembler:       Armasm.exe V5.06 update 7 (build 960)
Linker/Locator:  ArmLink.exe V5.06 update 7 (build 960)
Library Manager: ArmAr.exe V5.06 update 7 (build 960)
Hex Converter:   FromElf.exe V5.06 update 7 (build 960)
CPU DLL:         SARMCM3.DLL V5.39.0.0
Dialog DLL:      DCM.DLL V1.17.5.0
Target DLL:      STLink\ST-LINKIII-KEIL_SWO.dll V3.2.0.0
Dialog DLL:      TCM.DLL V1.56.4.0
 
<h2>Project:</h2>
D:\1_Ano_Mestrado\Labs\Biofeed\MDK-ARM\Biofeed.uvprojx
Project File Date:  12/06/2023

<h2>Output:</h2>
*** Using Compiler 'V5.06 update 7 (build 960)', folder: 'D:\Keil\ARM\ARMCC\Bin'
Build target 'Biofeed'
assembling startup_stm32f407xx.s...
compiling gpio.c...
compiling main.c...
../Src/main.c(94): warning:  #223-D: function "MX_GPIO_Init" declared implicitly
  	MX_GPIO_Init();
../Src/main.c: 1 warning, 0 errors
compiling MY_CS43L22.c...
compiling dac.c...
compiling dma.c...
compiling usbh_diskio.c...
compiling usart.c...
compiling Adafruit_DRV2605.c...
compiling i2s.c...
compiling fatfs.c...
compiling i2c.c...
compiling tim.c...
compiling usb_host.c...
compiling freertos.c...
compiling stm32f4xx_it.c...
compiling usbh_conf.c...
compiling stm32f4xx_hal_msp.c...
compiling stm32f4xx_hal_dac.c...
compiling stm32f4xx_hal_hcd.c...
compiling stm32f4xx_hal_dac_ex.c...
compiling stm32f4xx_hal_i2c_ex.c...
compiling stm32f4xx_ll_usb.c...
compiling stm32f4xx_hal_i2c.c...
compiling stm32f4xx_hal_tim_ex.c...
compiling stm32f4xx_hal_i2s.c...
compiling stm32f4xx_hal_uart.c...
compiling stm32f4xx_hal_i2s_ex.c...
compiling stm32f4xx_hal_tim.c...
compiling stm32f4xx_hal_rcc.c...
compiling stm32f4xx_hal_rcc_ex.c...
compiling stm32f4xx_hal_flash_ex.c...
compiling stm32f4xx_hal_flash_ramfunc.c...
compiling stm32f4xx_hal_flash.c...
compiling stm32f4xx_hal_gpio.c...
compiling stm32f4xx_hal_dma_ex.c...
compiling stm32f4xx_hal_dma.c...
compiling stm32f4xx_hal_pwr.c...
compiling stm32f4xx_hal_pwr_ex.c...
compiling stm32f4xx_hal.c...
compiling stm32f4xx_hal_cortex.c...
compiling stm32f4xx_hal_exti.c...
compiling system_stm32f4xx.c...
compiling diskio.c...
compiling usbh_core.c...
compiling ff_gen_drv.c...
compiling ff.c...
compiling usbh_ctlreq.c...
compiling syscall.c...
compiling heap_4.c...
compiling list.c...
compiling event_groups.c...
compiling port.c...
compiling timers.c...
compiling croutine.c...
compiling cmsis_os.c...
compiling tasks.c...
compiling usbh_ioreq.c...
compiling queue.c...
compiling usbh_pipes.c...
compiling usbh_msc.c...
compiling usbh_msc_bot.c...
compiling usbh_msc_scsi.c...
compiling ExtComm.c...
..\Modules\ExtCommSystem\ExtComm.c(116): warning:  #940-D: missing return statement at end of non-void function "ExtComm_GetExternalMsg" 
  }
..\Modules\ExtCommSystem\ExtComm.c(110): warning:  #177-D: variable "index"  was declared but never referenced
  	static uint8_t index = 0;
..\Modules\ExtCommSystem\ExtComm.c(188): warning:  #1-D: last line of file ends without a newline
  }
..\Modules\ExtCommSystem\ExtComm.c: 3 warnings, 0 errors
linking...
Program Size: Code=12476 RO-data=448 RW-data=140 ZI-data=2612  
FromELF: creating hex file...
"Biofeed\Biofeed.axf" - 0 Error(s), 4 Warning(s).

<h2>Software Packages used:</h2>

Package Vendor: ARM
                http://www.keil.com/pack/ARM.CMSIS.5.9.0.pack
                ARM::CMSIS@5.9.0
                CMSIS (Common Microcontroller Software Interface Standard)
   * Component: CORE Version: 5.6.0

Package Vendor: Keil
                https://www.keil.com/pack/Keil.STM32F4xx_DFP.2.17.1.pack
                Keil::STM32F4xx_DFP@2.17.1
                STMicroelectronics STM32F4 Series Device Support, Drivers and Examples

<h2>Collection of Component include folders:</h2>
  ./RTE/_Biofeed
  D:/Pack-keil/ARM/CMSIS/5.9.0/CMSIS/Core/Include
  D:/Pack-keil/Keil/STM32F4xx_DFP/2.17.1/Drivers/CMSIS/Device/ST/STM32F4xx/Include

<h2>Collection of Component Files used:</h2>

   * Component: ARM::CMSIS:CORE@5.6.0
Build Time Elapsed:  00:02:05
</pre>
</body>
</html>
